{
    "Rename: bam chr + fasta no chr": {
        "content": [
            {
                "0": [
                    [
                        {
                            "id": "test_MT"
                        },
                        "test_MT.bam:md5,33f16cad4bdac734717255f29d98e9b6",
                        "test_MT.bam.bai:md5,dbd8f1a5df58115b6f64a9312133d79d"
                    ],
                    [
                        {
                            "id": "test_paired"
                        },
                        "test_paired.bam:md5,c6908df90282cc95e846eee31476bb47",
                        "test_paired.bam.bai:md5,77524c609a3001cdca9c7d10dcc14b6a"
                    ]
                ],
                "1": [
                    "versions.yml:md5,0b7a1702e2427e2e30ee7906e41556db",
                    "versions.yml:md5,24321a016768b6449171df86a7f6801b",
                    "versions.yml:md5,3246c6acbc35a76b3ba905ed54ce927b",
                    "versions.yml:md5,bf7294b8c4a1448665b1b771105ffb3c",
                    "versions.yml:md5,bf7294b8c4a1448665b1b771105ffb3c",
                    "versions.yml:md5,ed47e1a8adc5174f9befd7fc57b72399",
                    "versions.yml:md5,ed47e1a8adc5174f9befd7fc57b72399"
                ],
                "bam": [
                    [
                        {
                            "id": "test_MT"
                        },
                        "test_MT.bam:md5,33f16cad4bdac734717255f29d98e9b6",
                        "test_MT.bam.bai:md5,dbd8f1a5df58115b6f64a9312133d79d"
                    ],
                    [
                        {
                            "id": "test_paired"
                        },
                        "test_paired.bam:md5,c6908df90282cc95e846eee31476bb47",
                        "test_paired.bam.bai:md5,77524c609a3001cdca9c7d10dcc14b6a"
                    ]
                ],
                "versions": [
                    "versions.yml:md5,0b7a1702e2427e2e30ee7906e41556db",
                    "versions.yml:md5,24321a016768b6449171df86a7f6801b",
                    "versions.yml:md5,3246c6acbc35a76b3ba905ed54ce927b",
                    "versions.yml:md5,bf7294b8c4a1448665b1b771105ffb3c",
                    "versions.yml:md5,bf7294b8c4a1448665b1b771105ffb3c",
                    "versions.yml:md5,ed47e1a8adc5174f9befd7fc57b72399",
                    "versions.yml:md5,ed47e1a8adc5174f9befd7fc57b72399"
                ]
            }
        ],
        "meta": {
            "nf-test": "0.8.4",
            "nextflow": "23.10.1"
        },
        "timestamp": "2024-06-18T16:46:45.480511171"
    },
    "Rename: bam no chr + fasta chr": {
        "content": [
            {
                "0": [
                    [
                        {
                            "id": "test_MT"
                        },
                        "test_MT.bam:md5,07e733c5bdb64f2f48ceb1eafbb0d120",
                        "test_MT.bam.bai:md5,33b4ed892348364beceb9a2bfba07448"
                    ],
                    [
                        {
                            "id": "test_paired"
                        },
                        "test_paired.bam:md5,a4d6b2b5a077ec1d7bdd459c15fe49d0",
                        "test_paired.bam.bai:md5,592b3771c867dfb0b31b14e4a578e795"
                    ]
                ],
                "1": [
                    "versions.yml:md5,0b7a1702e2427e2e30ee7906e41556db",
                    "versions.yml:md5,24321a016768b6449171df86a7f6801b",
                    "versions.yml:md5,3246c6acbc35a76b3ba905ed54ce927b",
                    "versions.yml:md5,bf7294b8c4a1448665b1b771105ffb3c",
                    "versions.yml:md5,bf7294b8c4a1448665b1b771105ffb3c",
                    "versions.yml:md5,ed47e1a8adc5174f9befd7fc57b72399",
                    "versions.yml:md5,ed47e1a8adc5174f9befd7fc57b72399"
                ],
                "bam": [
                    [
                        {
                            "id": "test_MT"
                        },
                        "test_MT.bam:md5,07e733c5bdb64f2f48ceb1eafbb0d120",
                        "test_MT.bam.bai:md5,33b4ed892348364beceb9a2bfba07448"
                    ],
                    [
                        {
                            "id": "test_paired"
                        },
                        "test_paired.bam:md5,a4d6b2b5a077ec1d7bdd459c15fe49d0",
                        "test_paired.bam.bai:md5,592b3771c867dfb0b31b14e4a578e795"
                    ]
                ],
                "versions": [
                    "versions.yml:md5,0b7a1702e2427e2e30ee7906e41556db",
                    "versions.yml:md5,24321a016768b6449171df86a7f6801b",
                    "versions.yml:md5,3246c6acbc35a76b3ba905ed54ce927b",
                    "versions.yml:md5,bf7294b8c4a1448665b1b771105ffb3c",
                    "versions.yml:md5,bf7294b8c4a1448665b1b771105ffb3c",
                    "versions.yml:md5,ed47e1a8adc5174f9befd7fc57b72399",
                    "versions.yml:md5,ed47e1a8adc5174f9befd7fc57b72399"
                ]
            }
        ],
        "meta": {
            "nf-test": "0.8.4",
            "nextflow": "23.10.1"
        },
        "timestamp": "2024-06-18T16:46:58.929558661"
    },
    "No rename: bam chr + fasta chr": {
        "content": [
            {
                "0": [
                    [
                        {
                            "id": "test_MT"
                        },
                        "/nf-core/test-datasets/modules/data/genomics/homo_sapiens/illumina/bam/test_illumina_mt.bam",
                        "/nf-core/test-datasets/modules/data/genomics/homo_sapiens/illumina/bam/test_illumina_mt.bam.bai"
                    ],
                    [
                        {
                            "id": "test_paired"
                        },
                        "/nf-core/test-datasets/modules/data/genomics/homo_sapiens/illumina/bam/test.paired_end.sorted.bam",
                        "/nf-core/test-datasets/modules/data/genomics/homo_sapiens/illumina/bam/test.paired_end.sorted.bam.bai"
                    ]
                ],
                "1": [
                    "versions.yml:md5,3246c6acbc35a76b3ba905ed54ce927b",
                    "versions.yml:md5,ed47e1a8adc5174f9befd7fc57b72399",
                    "versions.yml:md5,ed47e1a8adc5174f9befd7fc57b72399"
                ],
                "bam": [
                    [
                        {
                            "id": "test_MT"
                        },
                        "/nf-core/test-datasets/modules/data/genomics/homo_sapiens/illumina/bam/test_illumina_mt.bam",
                        "/nf-core/test-datasets/modules/data/genomics/homo_sapiens/illumina/bam/test_illumina_mt.bam.bai"
                    ],
                    [
                        {
                            "id": "test_paired"
                        },
                        "/nf-core/test-datasets/modules/data/genomics/homo_sapiens/illumina/bam/test.paired_end.sorted.bam",
                        "/nf-core/test-datasets/modules/data/genomics/homo_sapiens/illumina/bam/test.paired_end.sorted.bam.bai"
                    ]
                ],
                "versions": [
                    "versions.yml:md5,3246c6acbc35a76b3ba905ed54ce927b",
                    "versions.yml:md5,ed47e1a8adc5174f9befd7fc57b72399",
                    "versions.yml:md5,ed47e1a8adc5174f9befd7fc57b72399"
                ]
            }
        ],
        "meta": {
            "nf-test": "0.8.4",
            "nextflow": "23.10.1"
        },
        "timestamp": "2024-06-18T16:46:33.764782734"
    }
}