{
    "Concatenate vcf": {
        "content": [
            [
                "versions.yml:md5,a61813bb38bb5d3889da32644c4c2367"
            ],
            [
                [
                    {
                        "id": "1000GP",
                        "chr": "all_chr"
                    },
                    "1000GP_all_chr.vcf.gz",
                    "1000GP_all_chr.vcf.gz.tbi"
                ]
            ],
            [
                "VcfFile [chromosomes=[chr21, chr22], sampleCount=3196, variantCount=1739, phased=true, phasedAutodetect=true]"
            ],
            [
                {
                    "VCF_CONCATENATE_BCFTOOLS:BCFTOOLS_CONCAT": {
                        "bcftools": 1.21
                    }
                }
            ]
        ],
        "meta": {
            "nf-test": "0.9.3",
            "nextflow": "25.10.3"
        },
        "timestamp": "2026-02-05T22:22:34.11862946"
    }
}