{
    "Impute with minimac4 two vcf": {
        "content": [
            [
                "versions.yml:md5,373fe12da367d3891473f487a9536d04"
            ],
            [
                
            ],
            [
                
            ]
        ],
        "meta": {
            "nf-test": "0.9.2",
            "nextflow": "25.04.4"
        },
        "timestamp": "2025-07-16T12:59:06.852881731"
    },
    "Impute with minimac4 one vcf": {
        "content": [
            [
                "versions.yml:md5,373fe12da367d3891473f487a9536d04",
                "versions.yml:md5,a4842af8fedc3522b989d4ee28f08d80",
                "versions.yml:md5,dc41d9fe231291af5d738e9d6932dcdd"
            ],
            [
                
            ],
            [
                
            ]
        ],
        "meta": {
            "nf-test": "0.9.2",
            "nextflow": "25.04.4"
        },
        "timestamp": "2025-07-10T22:00:58.702695576"
    },
    "Impute with minimac4 one vcf with map": {
        "content": [
            [
                "versions.yml:md5,373fe12da367d3891473f487a9536d04",
                "versions.yml:md5,a4842af8fedc3522b989d4ee28f08d80",
                "versions.yml:md5,dc41d9fe231291af5d738e9d6932dcdd"
            ],
            [
                
            ],
            [
                
            ]
        ],
        "meta": {
            "nf-test": "0.9.2",
            "nextflow": "25.04.4"
        },
        "timestamp": "2025-07-15T09:03:59.809736209"
    }
}