{
    "Should run without error": {
        "content": [
            {
                "0": [
                    
                ],
                "1": [
                    "versions.yml:md5,41946978e04f660e488582ff0fe9e172",
                    "versions.yml:md5,a05ff29cc17a89640051ed05e53ff0ba"
                ],
                "bam_renamed": [
                    
                ],
                "versions": [
                    "versions.yml:md5,41946978e04f660e488582ff0fe9e172",
                    "versions.yml:md5,a05ff29cc17a89640051ed05e53ff0ba"
                ]
            }
        ],
        "meta": {
            "nf-test": "0.8.4",
            "nextflow": "23.10.1"
        },
        "timestamp": "2024-06-16T22:53:49.883716058"
    }
}