{
    "Chunks without Map - V1": {
        "content": [
            [
                [
                    {
                        "panel_id": "1000GP",
                        "chr": "chr21"
                    },
                    "1000GP_chr21.txt:md5,64ca4a1655363e4a4e558836e5ac12f9"
                ],
                [
                    {
                        "panel_id": "1000GP",
                        "chr": "chr22"
                    },
                    "1000GP_chr22.txt:md5,3344e171251722cf58ae31136da223ac"
                ]
            ],
            [
                [
                    "0\tchr21\tchr21:16570070-16595525\tchr21:16570070-16590513\t20444\t419",
                    "1\tchr21\tchr21:16585483-16609998\tchr21:16590521-16609998\t19478\t417"
                ],
                [
                    "0\tchr22\tchr22:16570065-16597215\tchr22:16570065-16592216\t22152\t452",
                    "1\tchr22\tchr22:16587172-16609999\tchr22:16592229-16609999\t17771\t451"
                ]
            ]
        ],
        "timestamp": "2026-09-01T18:58:22.306561207",
        "meta": {
            "nf-test": "0.9.5",
            "nextflow": "26.04.3"
        }
    },
    "Chunks with Map - V2": {
        "content": [
            [
                [
                    {
                        "panel_id": "1000GP",
                        "chr": "chr21"
                    },
                    "1000GP_chr21.txt:md5,9f516b111710d22969aab9ad46850fdf"
                ],
                [
                    {
                        "panel_id": "1000GP",
                        "chr": "chr22"
                    },
                    "1000GP_chr22.txt:md5,3bfef0fe24564dd3f759ee390345970a"
                ]
            ],
            [
                [
                    "0\tchr21\tchr21:16570070-16609998\tchr21:16570070-16590517\t0.0566807\t20443\t419\t201",
                    "1\tchr21\tchr21:16570070-16609998\tchr21:16590518-16609998\t0.0107975\t19477\t417\t220"
                ],
                [
                    "0\tchr22\tchr22:16570065-16609999\tchr22:16570065-16592222\t0.0598867\t22151\t452\t218",
                    "1\tchr22\tchr22:16570065-16609999\tchr22:16592223-16609999\t0.0331761\t17770\t451\t200"
                ]
            ]
        ],
        "timestamp": "2026-09-01T18:58:14.220996698",
        "meta": {
            "nf-test": "0.9.5",
            "nextflow": "26.04.3"
        }
    },
    "Chunks with Map - V1": {
        "content": [
            [
                [
                    {
                        "panel_id": "1000GP",
                        "chr": "chr21"
                    },
                    "1000GP_chr21.txt:md5,64ca4a1655363e4a4e558836e5ac12f9"
                ],
                [
                    {
                        "panel_id": "1000GP",
                        "chr": "chr22"
                    },
                    "1000GP_chr22.txt:md5,3344e171251722cf58ae31136da223ac"
                ]
            ],
            [
                [
                    "0\tchr21\tchr21:16570070-16595525\tchr21:16570070-16590513\t20444\t419",
                    "1\tchr21\tchr21:16585483-16609998\tchr21:16590521-16609998\t19478\t417"
                ],
                [
                    "0\tchr22\tchr22:16570065-16597215\tchr22:16570065-16592216\t22152\t452",
                    "1\tchr22\tchr22:16587172-16609999\tchr22:16592229-16609999\t17771\t451"
                ]
            ]
        ],
        "timestamp": "2026-09-01T18:58:04.139816463",
        "meta": {
            "nf-test": "0.9.5",
            "nextflow": "26.04.3"
        }
    },
    "Chunks with sequential model - V2": {
        "content": [
            [
                [
                    {
                        "panel_id": "1000GP",
                        "chr": "chr21"
                    },
                    "1000GP_chr21.txt:md5,e6156c3f8f0273b4d5c49784300ecc86"
                ],
                [
                    {
                        "panel_id": "1000GP",
                        "chr": "chr22"
                    },
                    "1000GP_chr22.txt:md5,4714831df331b665e634eb1a86a84156"
                ]
            ],
            [
                [
                    "0\tchr21\tchr21:1-16609998\tchr21:1-16590145\t0.0199917\t19992\t414\t201",
                    "1\tchr21\tchr21:16570070-1248956422\tchr21:16590146-1248956422\t0.019769\t19769\t422\t221"
                ],
                [
                    "0\tchr22\tchr22:1-16609999\tchr22:1-16590520\t0.0204135\t20413\t410\t201",
                    "1\tchr22\tchr22:16570065-1248956422\tchr22:16590521-1248956422\t0.019437\t19437\t493\t219"
                ]
            ]
        ],
        "timestamp": "2026-09-01T18:58:30.252352768",
        "meta": {
            "nf-test": "0.9.5",
            "nextflow": "26.04.3"
        }
    }
}