{
    "Compute genotype likelihood with merging": {
        "content": [
            [
                [
                    {
                        "panel": "1000GP",
                        "chr": "22",
                        "id": "all",
                        "metas": [
                            {
                                "id": "NA12878",
                                "panel": "1000GP",
                                "chr": "22"
                            },
                            {
                                "id": "NA19401",
                                "panel": "1000GP",
                                "chr": "22"
                            }
                        ],
                        "variantcaller": "bcftools"
                    },
                    "all.annotate.vcf.gz",
                    "all.annotate.vcf.gz.tbi",
                    "VcfFile [chromosomes=[chr22], sampleCount=2, variantCount=903, phased=false, phasedAutodetect=false]",
                    [
                        "NA12878",
                        "NA19401"
                    ],
                    "36cfa7a92ace3d2db00d825f299b2fc2"
                ]
            ],
            [
                {
                    "BAM_GL_BCFTOOLS:BCFTOOLS_ANNOTATE": {
                        "bcftools": 1.21
                    }
                },
                {
                    "BAM_GL_BCFTOOLS:GAWK": {
                        "gawk": "5.3.0"
                    }
                },
                {
                    "BAM_GL_BCFTOOLS:BCFTOOLS_MERGE": {
                        "bcftools": 1.21
                    }
                },
                {
                    "BAM_GL_BCFTOOLS:BCFTOOLS_MPILEUP": {
                        "bcftools": 1.21
                    }
                },
                {
                    "BAM_GL_BCFTOOLS:TABIX_BGZIP": {
                        "tabix": 1.21
                    }
                }
            ]
        ],
        "meta": {
            "nf-test": "0.9.3",
            "nextflow": "25.10.0"
        },
        "timestamp": "2025-11-17T16:41:23.996716684"
    },
    "Compute genotype likelihood with only one input": {
        "content": [
            [
                [
                    {
                        "id": "NA12878",
                        "panel": "1000GP",
                        "chr": "22",
                        "variantcaller": "bcftools"
                    },
                    "NA12878.annotate.vcf.gz",
                    "NA12878.annotate.vcf.gz.tbi",
                    "VcfFile [chromosomes=[chr22], sampleCount=1, variantCount=903, phased=false, phasedAutodetect=false]",
                    [
                        "NA12878"
                    ],
                    "6fea613c5a1786d27fbb31c682115701"
                ]
            ],
            [
                {
                    "BAM_GL_BCFTOOLS:BCFTOOLS_ANNOTATE": {
                        "bcftools": 1.21
                    }
                },
                {
                    "BAM_GL_BCFTOOLS:GAWK": {
                        "gawk": "5.3.0"
                    }
                },
                {
                    "BAM_GL_BCFTOOLS:BCFTOOLS_MPILEUP": {
                        "bcftools": 1.21
                    }
                },
                {
                    "BAM_GL_BCFTOOLS:TABIX_BGZIP": {
                        "tabix": 1.21
                    }
                }
            ]
        ],
        "meta": {
            "nf-test": "0.9.3",
            "nextflow": "25.10.0"
        },
        "timestamp": "2025-11-17T16:41:36.238465198"
    }
}