{
    "Split one sample vcf file": {
        "content": [
            [
                [
                    {
                        "id": "NA12878"
                    },
                    "NA12878.vcf.gz",
                    "NA12878.vcf.gz.tbi"
                ]
            ]
        ],
        "timestamp": "2026-06-09T14:39:36.207128624",
        "meta": {
            "nf-test": "0.9.5",
            "nextflow": "26.04.3"
        }
    },
    "Split multiple vcf file - with renaming": {
        "content": [
            [
                [
                    {
                        "id": "NA12878"
                    },
                    "NA12878.myfile.vcf.gz",
                    "VcfFile [chromosomes=[chr21, chr22], sampleCount=1, variantCount=1739, phased=true, phasedAutodetect=true]",
                    [
                        "NA12878_test"
                    ],
                    "NA12878.myfile.vcf.gz.tbi"
                ],
                [
                    {
                        "id": "NA19401"
                    },
                    "NA19401.vcf.gz",
                    "VcfFile [chromosomes=[chr21, chr22], sampleCount=1, variantCount=1739, phased=true, phasedAutodetect=true]",
                    [
                        "NA19401"
                    ],
                    "NA19401.vcf.gz.tbi"
                ],
                [
                    {
                        "id": "NA20359_3"
                    },
                    "NA20359_3.vcf.gz",
                    "VcfFile [chromosomes=[chr21, chr22], sampleCount=1, variantCount=1739, phased=true, phasedAutodetect=true]",
                    [
                        "NA20359_2"
                    ],
                    "NA20359_3.vcf.gz.tbi"
                ]
            ]
        ],
        "timestamp": "2026-09-23T15:27:11.088342121",
        "meta": {
            "nf-test": "0.9.5",
            "nextflow": "26.04.6"
        }
    }
}