{
    "Rename: VCF BAM chr + fasta no chr": {
        "content": [
            [
                [
                    "@SQ\tSN:22\tLN:40001"
                ],
                "VcfFile [chromosomes=[22], sampleCount=0, variantCount=2174, phased=true, phasedAutodetect=true]"
            ],
            [
                "BAM_chr_to_nochr_rename.bam.bai",
                "VCF_chr_to_nochr_chrrename.vcf.gz.csi"
            ]
        ],
        "timestamp": "2026-09-28T14:52:59.558019976",
        "meta": {
            "nf-test": "0.9.5",
            "nextflow": "26.04.3"
        }
    },
    "Rename: VCF no chr + fasta chr": {
        "content": [
            [
                [
                    "@SQ\tSN:chr22\tLN:40001"
                ],
                "VcfFile [chromosomes=[chr22], sampleCount=1, variantCount=4, phased=false, phasedAutodetect=false]"
            ],
            [
                "BAM_nochr_to_chr_rename.bam.bai",
                "VCF_nochr_to_chr_chrrename.vcf.gz.csi"
            ]
        ],
        "timestamp": "2026-09-28T14:53:10.742290896",
        "meta": {
            "nf-test": "0.9.5",
            "nextflow": "26.04.3"
        }
    }
}