{
    "Impute with beagle5 multiple chromosomes": {
        "content": [
            [
                "versions.yml:md5,753bec56d95889bf214c3c932ba0ee42",
                "versions.yml:md5,9b1a38e40b39eec07923f563eb0199f3",
                "versions.yml:md5,abf0a598d8e490f400093600b60c148c"
            ],
            [
                [
                    {
                        "id": "NA12878",
                        "panel": "1000GP",
                        "chr": "chr21",
                        "tools": "beagle5"
                    },
                    "NA12878_beagle5_imputed.vcf.gz",
                    "NA12878_beagle5_imputed.vcf.gz.csi"
                ],
                [
                    {
                        "id": "NA12878",
                        "panel": "1000GP",
                        "chr": "chr22",
                        "tools": "beagle5"
                    },
                    "NA12878_beagle5_imputed.vcf.gz",
                    "NA12878_beagle5_imputed.vcf.gz.csi"
                ]
            ],
            [
                "VcfFile [chromosomes=[chr21], sampleCount=1, variantCount=836, phased=true, phasedAutodetect=true]",
                "VcfFile [chromosomes=[chr22], sampleCount=1, variantCount=903, phased=true, phasedAutodetect=true]"
            ],
            [
                "7138507d3b188578d9096673e44056b4",
                "ff8f5448e068306c30bdd733f60f103b"
            ]
        ],
        "meta": {
            "nf-test": "0.9.2",
            "nextflow": "25.04.4"
        },
        "timestamp": "2025-07-28T11:48:02.519234466"
    },
    "Impute with beagle5 one vcf": {
        "content": [
            [
                "versions.yml:md5,753bec56d95889bf214c3c932ba0ee42",
                "versions.yml:md5,9b1a38e40b39eec07923f563eb0199f3",
                "versions.yml:md5,abf0a598d8e490f400093600b60c148c"
            ],
            [
                [
                    {
                        "id": "NA12878",
                        "panel": "1000GP",
                        "chr": "chr22",
                        "tools": "beagle5"
                    },
                    "NA12878_beagle5_imputed.vcf.gz",
                    "NA12878_beagle5_imputed.vcf.gz.csi"
                ]
            ],
            [
                "VcfFile [chromosomes=[chr22], sampleCount=1, variantCount=903, phased=true, phasedAutodetect=true]"
            ],
            [
                "7138507d3b188578d9096673e44056b4"
            ]
        ],
        "meta": {
            "nf-test": "0.9.2",
            "nextflow": "25.04.4"
        },
        "timestamp": "2025-07-28T11:59:07.572500489"
    },
    "Impute with beagle5 two vcf": {
        "content": [
            [
                "versions.yml:md5,753bec56d95889bf214c3c932ba0ee42",
                "versions.yml:md5,9b1a38e40b39eec07923f563eb0199f3",
                "versions.yml:md5,abf0a598d8e490f400093600b60c148c"
            ],
            [
                [
                    {
                        "id": "NA12878",
                        "panel": "1000GP",
                        "chr": "chr22",
                        "tools": "beagle5"
                    },
                    "NA12878_beagle5_imputed.vcf.gz",
                    "NA12878_beagle5_imputed.vcf.gz.csi"
                ],
                [
                    {
                        "id": "NA19401",
                        "panel": "1000GP",
                        "chr": "chr22",
                        "tools": "beagle5"
                    },
                    "NA19401_beagle5_imputed.vcf.gz",
                    "NA19401_beagle5_imputed.vcf.gz.csi"
                ]
            ],
            [
                "VcfFile [chromosomes=[chr22], sampleCount=1, variantCount=903, phased=true, phasedAutodetect=true]",
                "VcfFile [chromosomes=[chr22], sampleCount=1, variantCount=903, phased=true, phasedAutodetect=true]"
            ],
            [
                "7138507d3b188578d9096673e44056b4",
                "3a702fffa0018be6a1fca1d95633e058"
            ]
        ],
        "meta": {
            "nf-test": "0.9.2",
            "nextflow": "25.04.4"
        },
        "timestamp": "2025-07-28T11:47:13.911295587"
    },
    "Impute with beagle5 one vcf with map": {
        "content": [
            [
                "versions.yml:md5,753bec56d95889bf214c3c932ba0ee42",
                "versions.yml:md5,9b1a38e40b39eec07923f563eb0199f3",
                "versions.yml:md5,abf0a598d8e490f400093600b60c148c"
            ],
            [
                [
                    {
                        "id": "NA12878",
                        "panel": "1000GP",
                        "chr": "chr22",
                        "tools": "beagle5"
                    },
                    "NA12878_beagle5_imputed.vcf.gz",
                    "NA12878_beagle5_imputed.vcf.gz.csi"
                ]
            ],
            [
                "VcfFile [chromosomes=[chr22], sampleCount=1, variantCount=903, phased=true, phasedAutodetect=true]"
            ],
            [
                "7138507d3b188578d9096673e44056b4"
            ]
        ],
        "meta": {
            "nf-test": "0.9.2",
            "nextflow": "25.04.4"
        },
        "timestamp": "2025-07-28T11:46:17.943590923"
    }
}