{
    "Impute with beagle5 multiple chromosomes": {
        "content": [
            [
                "versions.yml:md5,753bec56d95889bf214c3c932ba0ee42",
                "versions.yml:md5,9b1a38e40b39eec07923f563eb0199f3",
                "versions.yml:md5,abf0a598d8e490f400093600b60c148c"
            ],
            [
                [
                    {
                        "id": "NA12878",
                        "panel": "1000GP",
                        "chr": "chr21",
                        "tools": "beagle5"
                    },
                    "NA12878_beagle5_imputed.vcf.gz",
                    "NA12878_beagle5_imputed.vcf.gz.csi"
                ],
                [
                    {
                        "id": "NA12878",
                        "panel": "1000GP",
                        "chr": "chr22",
                        "tools": "beagle5"
                    },
                    "NA12878_beagle5_imputed.vcf.gz",
                    "NA12878_beagle5_imputed.vcf.gz.csi"
                ]
            ],
            [
                "VcfFile [chromosomes=[chr21], sampleCount=1, variantCount=836, phased=true, phasedAutodetect=true]",
                "VcfFile [chromosomes=[chr22], sampleCount=1, variantCount=903, phased=true, phasedAutodetect=true]"
            ],
            [
                "6e982c1a00a4c0174417137eea7dcfb1",
                "fe19d599509ef7cd45dae0c9f99b3c73"
            ]
        ],
        "meta": {
            "nf-test": "0.9.2",
            "nextflow": "25.04.4"
        },
        "timestamp": "2025-07-25T13:05:08.967265444"
    },
    "Impute with beagle5 one vcf": {
        "content": [
            [
                "versions.yml:md5,753bec56d95889bf214c3c932ba0ee42",
                "versions.yml:md5,9b1a38e40b39eec07923f563eb0199f3",
                "versions.yml:md5,abf0a598d8e490f400093600b60c148c"
            ],
            [
                [
                    {
                        "id": "NA12878",
                        "panel": "1000GP",
                        "chr": "chr22",
                        "tools": "beagle5"
                    },
                    "NA12878_beagle5_imputed.vcf.gz",
                    "NA12878_beagle5_imputed.vcf.gz.csi"
                ]
            ],
            [
                "VcfFile [chromosomes=[chr22], sampleCount=1, variantCount=903, phased=true, phasedAutodetect=true]"
            ],
            [
                "fe19d599509ef7cd45dae0c9f99b3c73"
            ]
        ],
        "meta": {
            "nf-test": "0.9.2",
            "nextflow": "25.04.4"
        },
        "timestamp": "2025-07-25T12:57:46.881261479"
    },
    "Impute with beagle5 two vcf": {
        "content": [
            [
                "versions.yml:md5,753bec56d95889bf214c3c932ba0ee42",
                "versions.yml:md5,9b1a38e40b39eec07923f563eb0199f3",
                "versions.yml:md5,abf0a598d8e490f400093600b60c148c"
            ],
            [
                [
                    {
                        "id": "NA12878",
                        "panel": "1000GP",
                        "chr": "chr22",
                        "tools": "beagle5"
                    },
                    "NA12878_beagle5_imputed.vcf.gz",
                    "NA12878_beagle5_imputed.vcf.gz.csi"
                ],
                [
                    {
                        "id": "NA19401",
                        "panel": "1000GP",
                        "chr": "chr22",
                        "tools": "beagle5"
                    },
                    "NA19401_beagle5_imputed.vcf.gz",
                    "NA19401_beagle5_imputed.vcf.gz.csi"
                ]
            ],
            [
                "VcfFile [chromosomes=[chr22], sampleCount=1, variantCount=903, phased=true, phasedAutodetect=true]",
                "VcfFile [chromosomes=[chr22], sampleCount=1, variantCount=903, phased=true, phasedAutodetect=true]"
            ],
            [
                "fe19d599509ef7cd45dae0c9f99b3c73",
                "dc335257971edc771010bb80d9593edb"
            ]
        ],
        "meta": {
            "nf-test": "0.9.2",
            "nextflow": "25.04.4"
        },
        "timestamp": "2025-07-25T12:59:36.850987868"
    },
    "Impute with beagle5 one vcf with map": {
        "content": [
            [
                "versions.yml:md5,753bec56d95889bf214c3c932ba0ee42",
                "versions.yml:md5,9b1a38e40b39eec07923f563eb0199f3",
                "versions.yml:md5,abf0a598d8e490f400093600b60c148c"
            ],
            [
                [
                    {
                        "id": "NA12878",
                        "panel": "1000GP",
                        "chr": "chr22",
                        "tools": "beagle5"
                    },
                    "NA12878_beagle5_imputed.vcf.gz",
                    "NA12878_beagle5_imputed.vcf.gz.csi"
                ]
            ],
            [
                "VcfFile [chromosomes=[chr22], sampleCount=1, variantCount=903, phased=true, phasedAutodetect=true]"
            ],
            [
                "fe19d599509ef7cd45dae0c9f99b3c73"
            ]
        ],
        "meta": {
            "nf-test": "0.9.2",
            "nextflow": "25.04.4"
        },
        "timestamp": "2025-07-25T12:58:33.550864253"
    }
}