{
    "Impute with glimpse2 one individual - input file bam with bamlist - with map": {
        "content": [
            [
                [
                    "NA12878.vcf.gz.tbi",
                    "VcfFile [chromosomes=[chr22], sampleCount=1, variantCount=903, phased=true, phasedAutodetect=true]",
                    [
                        "NA12878"
                    ],
                    "1fd870e5ad66345dddef088b5911ac7f"
                ]
            ],
            [
                {
                    "BAM_VCF_IMPUTE_GLIMPSE2:GLIMPSE2_PHASE": {
                        "glimpse2": "2.0.0"
                    }
                },
                {
                    "BAM_VCF_IMPUTE_GLIMPSE2:BCFTOOLS_INDEX_2": {
                        "bcftools": 1.21
                    }
                },
                {
                    "BAM_VCF_IMPUTE_GLIMPSE2:BCFTOOLS_INDEX_1": {
                        "bcftools": 1.21
                    }
                },
                {
                    "BAM_VCF_IMPUTE_GLIMPSE2:GLIMPSE2_LIGATE": {
                        "glimpse2": "2.0.0"
                    }
                }
            ]
        ],
        "meta": {
            "nf-test": "0.9.3",
            "nextflow": "25.10.0"
        },
        "timestamp": "2025-11-18T13:05:37.999508611"
    },
    "Impute with glimpse2 two individuals - input bam  with bamlist - two chromosomes - with map": {
        "content": [
            [
                [
                    "allid.vcf.gz.tbi",
                    "VcfFile [chromosomes=[chr21], sampleCount=2, variantCount=836, phased=true, phasedAutodetect=true]",
                    [
                        "NA12878",
                        "NA19401"
                    ],
                    "e4bdd0ec2e17ffb5519287751129af3b"
                ],
                [
                    "allid.vcf.gz.tbi",
                    "VcfFile [chromosomes=[chr22], sampleCount=2, variantCount=903, phased=true, phasedAutodetect=true]",
                    [
                        "NA12878",
                        "NA19401"
                    ],
                    "aef634f4a03e1f929e9a62ed11f78536"
                ]
            ],
            [
                {
                    "BAM_VCF_IMPUTE_GLIMPSE2:GLIMPSE2_PHASE": {
                        "glimpse2": "2.0.0"
                    }
                },
                {
                    "BAM_VCF_IMPUTE_GLIMPSE2:BCFTOOLS_INDEX_2": {
                        "bcftools": 1.21
                    }
                },
                {
                    "BAM_VCF_IMPUTE_GLIMPSE2:BCFTOOLS_INDEX_1": {
                        "bcftools": 1.21
                    }
                },
                {
                    "BAM_VCF_IMPUTE_GLIMPSE2:GLIMPSE2_LIGATE": {
                        "glimpse2": "2.0.0"
                    }
                }
            ]
        ],
        "meta": {
            "nf-test": "0.9.3",
            "nextflow": "25.10.0"
        },
        "timestamp": "2025-11-18T13:05:22.305519835"
    },
    "Impute with glimpse2 one vcf - input bcf - no map": {
        "content": [
            [
                [
                    "NA12878.vcf.gz.tbi",
                    "VcfFile [chromosomes=[chr22], sampleCount=1, variantCount=903, phased=true, phasedAutodetect=true]",
                    [
                        "NA12878"
                    ],
                    "13532bb1d590a296404fb98b1ecf9ac7"
                ]
            ],
            [
                {
                    "BAM_VCF_IMPUTE_GLIMPSE2:GLIMPSE2_PHASE": {
                        "glimpse2": "2.0.0"
                    }
                },
                {
                    "BAM_VCF_IMPUTE_GLIMPSE2:BCFTOOLS_INDEX_2": {
                        "bcftools": 1.21
                    }
                },
                {
                    "BAM_VCF_IMPUTE_GLIMPSE2:BCFTOOLS_INDEX_1": {
                        "bcftools": 1.21
                    }
                },
                {
                    "BAM_VCF_IMPUTE_GLIMPSE2:GLIMPSE2_LIGATE": {
                        "glimpse2": "2.0.0"
                    }
                }
            ]
        ],
        "meta": {
            "nf-test": "0.9.3",
            "nextflow": "25.10.0"
        },
        "timestamp": "2025-11-18T13:05:01.683166692"
    }
}