{
    "Normalize vcf with computing frequencies after removing samples": {
        "content": [
            [
                "versions.yml:md5,3bba75c8e94eb2271ad38e3a1ee06ad8",
                "versions.yml:md5,3bba75c8e94eb2271ad38e3a1ee06ad8",
                "versions.yml:md5,bdf2c1ea1cace63b301158243f3fd12f",
                "versions.yml:md5,bdf2c1ea1cace63b301158243f3fd12f",
                "versions.yml:md5,c1918a7ebe19e200e8981e12c8fd52d4",
                "versions.yml:md5,c1918a7ebe19e200e8981e12c8fd52d4",
                "versions.yml:md5,da9510d939fc9cb45b897127f0d5e490",
                "versions.yml:md5,da9510d939fc9cb45b897127f0d5e490"
            ],
            [
                [
                    {
                        "id": "1000GP",
                        "chr": "chr21"
                    },
                    "1000GP_chr21_fixed.vcf.gz",
                    "1000GP_chr21_fixed.vcf.gz.tbi"
                ],
                [
                    {
                        "id": "1000GP",
                        "chr": "chr22"
                    },
                    "1000GP_chr22_fixed.vcf.gz",
                    "1000GP_chr22_fixed.vcf.gz.tbi"
                ]
            ],
            [
                "VcfFile [chromosomes=[chr21], sampleCount=3190, variantCount=836, phased=true, phasedAutodetect=true]",
                "VcfFile [chromosomes=[chr22], sampleCount=3190, variantCount=903, phased=true, phasedAutodetect=true]"
            ],
            [
                3190,
                3190
            ]
        ],
        "meta": {
            "nf-test": "0.9.1",
            "nextflow": "24.10.0"
        },
        "timestamp": "2024-11-07T14:11:08.9049564"
    },
    "Normalize vcf without computing frequencies nor removing samples": {
        "content": [
            [
                "versions.yml:md5,c1918a7ebe19e200e8981e12c8fd52d4",
                "versions.yml:md5,c1918a7ebe19e200e8981e12c8fd52d4",
                "versions.yml:md5,da9510d939fc9cb45b897127f0d5e490",
                "versions.yml:md5,da9510d939fc9cb45b897127f0d5e490"
            ],
            [
                [
                    {
                        "id": "1000GP",
                        "chr": "chr21"
                    },
                    "1000GP_chr21_biallelic_snps.vcf.gz",
                    "1000GP_chr21_biallelic_snps.vcf.gz.tbi"
                ],
                [
                    {
                        "id": "1000GP",
                        "chr": "chr22"
                    },
                    "1000GP_chr22_biallelic_snps.vcf.gz",
                    "1000GP_chr22_biallelic_snps.vcf.gz.tbi"
                ]
            ],
            [
                "VcfFile [chromosomes=[chr21], sampleCount=3196, variantCount=836, phased=true, phasedAutodetect=true]",
                "VcfFile [chromosomes=[chr22], sampleCount=3196, variantCount=903, phased=true, phasedAutodetect=true]"
            ],
            [
                3196,
                3196
            ]
        ],
        "meta": {
            "nf-test": "0.9.1",
            "nextflow": "24.10.0"
        },
        "timestamp": "2024-11-07T14:10:11.989583075"
    }
}