{
    "Check test_quilt - without chunks": {
        "content": [
            {
                "workflow size": 23,
                "versions": {
                    "BAMCHREXTRACT": {
                        "samtools": "1.22.1"
                    },
                    "BCFTOOLS_CONCAT": {
                        "bcftools": 1.22
                    },
                    "BCFTOOLS_INDEX": {
                        "bcftools": 1.22
                    },
                    "BCFTOOLS_PLUGINSPLIT": {
                        "bcftools": 1.22
                    },
                    "BCFTOOLS_QUERY_IMPUTED": {
                        "bcftools": 1.22
                    },
                    "BCFTOOLS_STATS_TOOLS": {
                        "bcftools": 1.22
                    },
                    "BGZIP_POSFILE_QUILT": {
                        "tabix": 1.21
                    },
                    "GAWK_IMPUTED": {
                        "gawk": "5.3.0"
                    },
                    "GAWK_POSFILE_QUILT": {
                        "gawk": "5.3.0"
                    },
                    "GLIMPSE2_LIGATE": {
                        "glimpse2": "2.0.0"
                    },
                    "LISTTOFILE": {
                        "gawk": "5.3.0"
                    },
                    "QUILT_QUILT": {
                        "r-base": "4.3.1",
                        "r-quilt": "1.0.5"
                    },
                    "SAMTOOLS_FAIDX": {
                        "samtools": "1.22.1"
                    },
                    "Workflow": {
                        "nf-core/phaseimpute": "v1.2.0dev"
                    }
                },
                "stable name": [
                    "imputation",
                    "imputation/batch",
                    "imputation/batch/all_samples.batch0.id.txt",
                    "imputation/batch/all_samples.batch0.idonly.txt",
                    "imputation/batch/all_samples.batch0.noid.txt",
                    "imputation/csv",
                    "imputation/csv/impute.csv",
                    "imputation/quilt",
                    "imputation/quilt/concat",
                    "imputation/quilt/concat/all_samples.batch0.quilt.vcf.gz",
                    "imputation/quilt/concat/all_samples.batch0.quilt.vcf.gz.tbi",
                    "imputation/quilt/samples",
                    "imputation/quilt/samples/NA12878.quilt.vcf.gz",
                    "imputation/quilt/samples/NA12878.quilt.vcf.gz.tbi",
                    "imputation/quilt/samples/NA19401.quilt.vcf.gz",
                    "imputation/quilt/samples/NA19401.quilt.vcf.gz.tbi",
                    "imputation/quilt/samples/NA20359.quilt.vcf.gz",
                    "imputation/quilt/samples/NA20359.quilt.vcf.gz.tbi",
                    "imputation/quilt/variant_calling",
                    "imputation/quilt/variant_calling/RData",
                    "imputation/quilt/variant_calling/all_samples.batch0.chr21.quilt.ligate.vcf.gz",
                    "imputation/quilt/variant_calling/all_samples.batch0.chr21.quilt.ligate.vcf.gz.tbi",
                    "imputation/quilt/variant_calling/all_samples.batch0.chr21_16570000-16610000.quilt.vcf.gz",
                    "imputation/quilt/variant_calling/all_samples.batch0.chr21_16570000-16610000.quilt.vcf.gz.tbi",
                    "imputation/quilt/variant_calling/all_samples.batch0.chr22.quilt.ligate.vcf.gz",
                    "imputation/quilt/variant_calling/all_samples.batch0.chr22.quilt.ligate.vcf.gz.tbi",
                    "imputation/quilt/variant_calling/all_samples.batch0.chr22_16570000-16610000.quilt.vcf.gz",
                    "imputation/quilt/variant_calling/all_samples.batch0.chr22_16570000-16610000.quilt.vcf.gz.tbi",
                    "imputation/stats",
                    "imputation/stats/NA12878.quilt.bcftools_stats.txt",
                    "imputation/stats/NA19401.quilt.bcftools_stats.txt",
                    "imputation/stats/NA20359.quilt.bcftools_stats.txt",
                    "multiqc",
                    "multiqc/multiqc_data",
                    "multiqc/multiqc_data/bcftools-stats-subtypes.txt",
                    "multiqc/multiqc_data/bcftools_stats_indel-lengths.txt",
                    "multiqc/multiqc_data/bcftools_stats_vqc_Count_Indels.txt",
                    "multiqc/multiqc_data/bcftools_stats_vqc_Count_SNP.txt",
                    "multiqc/multiqc_data/bcftools_stats_vqc_Count_Transitions.txt",
                    "multiqc/multiqc_data/bcftools_stats_vqc_Count_Transversions.txt",
                    "multiqc/multiqc_data/llms-full.txt",
                    "multiqc/multiqc_data/multiqc.log",
                    "multiqc/multiqc_data/multiqc.parquet",
                    "multiqc/multiqc_data/multiqc_bcftools_stats.txt",
                    "multiqc/multiqc_data/multiqc_citations.txt",
                    "multiqc/multiqc_data/multiqc_data.json",
                    "multiqc/multiqc_data/multiqc_general_stats.txt",
                    "multiqc/multiqc_data/multiqc_software_versions.txt",
                    "multiqc/multiqc_data/multiqc_sources.txt",
                    "multiqc/multiqc_plots",
                    "multiqc/multiqc_plots/pdf",
                    "multiqc/multiqc_plots/pdf/bcftools-stats-subtypes-cnt.pdf",
                    "multiqc/multiqc_plots/pdf/bcftools-stats-subtypes-pct.pdf",
                    "multiqc/multiqc_plots/pdf/bcftools_stats_indel-lengths-cnt.pdf",
                    "multiqc/multiqc_plots/pdf/bcftools_stats_indel-lengths-log.pdf",
                    "multiqc/multiqc_plots/pdf/bcftools_stats_vqc_Count_Indels.pdf",
                    "multiqc/multiqc_plots/pdf/bcftools_stats_vqc_Count_SNP.pdf",
                    "multiqc/multiqc_plots/pdf/bcftools_stats_vqc_Count_Transitions.pdf",
                    "multiqc/multiqc_plots/pdf/bcftools_stats_vqc_Count_Transversions.pdf",
                    "multiqc/multiqc_plots/png",
                    "multiqc/multiqc_plots/png/bcftools-stats-subtypes-cnt.png",
                    "multiqc/multiqc_plots/png/bcftools-stats-subtypes-pct.png",
                    "multiqc/multiqc_plots/png/bcftools_stats_indel-lengths-cnt.png",
                    "multiqc/multiqc_plots/png/bcftools_stats_indel-lengths-log.png",
                    "multiqc/multiqc_plots/png/bcftools_stats_vqc_Count_Indels.png",
                    "multiqc/multiqc_plots/png/bcftools_stats_vqc_Count_SNP.png",
                    "multiqc/multiqc_plots/png/bcftools_stats_vqc_Count_Transitions.png",
                    "multiqc/multiqc_plots/png/bcftools_stats_vqc_Count_Transversions.png",
                    "multiqc/multiqc_plots/svg",
                    "multiqc/multiqc_plots/svg/bcftools-stats-subtypes-cnt.svg",
                    "multiqc/multiqc_plots/svg/bcftools-stats-subtypes-pct.svg",
                    "multiqc/multiqc_plots/svg/bcftools_stats_indel-lengths-cnt.svg",
                    "multiqc/multiqc_plots/svg/bcftools_stats_indel-lengths-log.svg",
                    "multiqc/multiqc_plots/svg/bcftools_stats_vqc_Count_Indels.svg",
                    "multiqc/multiqc_plots/svg/bcftools_stats_vqc_Count_SNP.svg",
                    "multiqc/multiqc_plots/svg/bcftools_stats_vqc_Count_Transitions.svg",
                    "multiqc/multiqc_plots/svg/bcftools_stats_vqc_Count_Transversions.svg",
                    "multiqc/multiqc_report.html",
                    "pipeline_info",
                    "pipeline_info/nf_core_phaseimpute_software_mqc_versions.yml"
                ],
                "stable path": [
                    "all_samples.batch0.id.txt:md5,19595d0c2ee3d3d4e0db213e4469dac6",
                    "all_samples.batch0.idonly.txt:md5,b16baeecc412602ee233e14bcbe592b7",
                    "all_samples.batch0.noid.txt:md5,2b87699e9ed5101bc2addb7596cf16c7",
                    "NA12878.quilt.bcftools_stats.txt:md5,06be906390f87548cff77877dff5c981",
                    "NA19401.quilt.bcftools_stats.txt:md5,eaf59f02e81aeaafdc1953e92687d5d0",
                    "NA20359.quilt.bcftools_stats.txt:md5,24972d94b67f8d0bcfe88fa052c1f279",
                    "bcftools-stats-subtypes.txt:md5,21bcf26940e91c117b1b35f5dff864d6",
                    "bcftools_stats_indel-lengths.txt:md5,6e3bc8ca93512c2cf61d7f8d267d31ea",
                    "bcftools_stats_vqc_Count_Indels.txt:md5,b824aec68c806e9a55a30dc28e3df6ef",
                    "bcftools_stats_vqc_Count_SNP.txt:md5,be332d2de2807101988e344fc5280086",
                    "bcftools_stats_vqc_Count_Transitions.txt:md5,007b7ac097fc7d06b1c7e4a7b29865aa",
                    "bcftools_stats_vqc_Count_Transversions.txt:md5,37fa486beefe0b4d08410966898e9b45",
                    "multiqc_bcftools_stats.txt:md5,d4b06f92c73ef70b26e0bc448d2e28ae",
                    "multiqc_citations.txt:md5,5cbab4ecbe14049d965fd97bd61d252b",
                    "multiqc_general_stats.txt:md5,ca0be109c548005ec711fd5b7fcb1655"
                ],
                "BAM files": [
                    
                ],
                "VCF files": [
                    [
                        "all_samples.batch0.quilt.vcf.gz",
                        "4f838ebfc7e3ba5260e1c405d68b8eec"
                    ],
                    [
                        "NA12878.quilt.vcf.gz",
                        "22eb8b50b86a272fa4510a1e14f59a4e"
                    ],
                    [
                        "NA19401.quilt.vcf.gz",
                        "8a77addf1342bb21a257f9d1c17221de"
                    ],
                    [
                        "NA20359.quilt.vcf.gz",
                        "6f58cf2fc59933dd6aae3eaf9fb22a34"
                    ],
                    [
                        "all_samples.batch0.chr21.quilt.ligate.vcf.gz",
                        "d027f810a35f9bcb0ac558ed5f7efd5f"
                    ],
                    [
                        "all_samples.batch0.chr21_16570000-16610000.quilt.vcf.gz",
                        "f91cb19418c401c035c2d1b6f3902279"
                    ],
                    [
                        "all_samples.batch0.chr22.quilt.ligate.vcf.gz",
                        "b3000c991044b295c1b4bc49c3e90418"
                    ],
                    [
                        "all_samples.batch0.chr22_16570000-16610000.quilt.vcf.gz",
                        "8d4ba49c8d06574bea3877626a4878d8"
                    ]
                ],
                "CSV files": [
                    {
                        "fileName": "impute.csv",
                        "rows": [
                            "sample,tools,file,index",
                            "NA12878,quilt,NA12878.quilt.vcf.gz,NA12878.quilt.vcf.gz.tbi",
                            "NA19401,quilt,NA19401.quilt.vcf.gz,NA19401.quilt.vcf.gz.tbi",
                            "NA20359,quilt,NA20359.quilt.vcf.gz,NA20359.quilt.vcf.gz.tbi"
                        ]
                    }
                ]
            },
            {
                "all_samples.batch0.quilt": {
                    "summary": "VcfFile [chromosomes=[chr21, chr22], sampleCount=3, variantCount=1739, phased=true]",
                    "samples": [
                        "NA12878",
                        "NA19401",
                        "NA20359"
                    ]
                }
            }
        ],
        "timestamp": "2026-03-09T11:33:17.79443061",
        "meta": {
            "nf-test": "0.9.4",
            "nextflow": "25.10.4"
        }
    },
    "Check test_quilt - with chunks": {
        "content": [
            {
                "workflow size": 25,
                "versions": {
                    "BAMCHREXTRACT": {
                        "samtools": "1.22.1"
                    },
                    "BCFTOOLS_CONCAT": {
                        "bcftools": 1.22
                    },
                    "BCFTOOLS_INDEX": {
                        "bcftools": 1.22
                    },
                    "BCFTOOLS_PLUGINSPLIT": {
                        "bcftools": 1.22
                    },
                    "BCFTOOLS_QUERY_IMPUTED": {
                        "bcftools": 1.22
                    },
                    "BCFTOOLS_STATS_TOOLS": {
                        "bcftools": 1.22
                    },
                    "BGZIP_POSFILE_QUILT": {
                        "tabix": 1.21
                    },
                    "GAWK_IMPUTED": {
                        "gawk": "5.3.0"
                    },
                    "GAWK_POSFILE_QUILT": {
                        "gawk": "5.3.0"
                    },
                    "GLIMPSE2_LIGATE": {
                        "glimpse2": "2.0.0"
                    },
                    "LISTTOFILE": {
                        "gawk": "5.3.0"
                    },
                    "QUILT_QUILT": {
                        "r-base": "4.3.1",
                        "r-quilt": "1.0.5"
                    },
                    "SAMTOOLS_FAIDX": {
                        "samtools": "1.22.1"
                    },
                    "Workflow": {
                        "nf-core/phaseimpute": "v1.2.0dev"
                    }
                },
                "stable name": [
                    "imputation",
                    "imputation/batch",
                    "imputation/batch/all_samples.batch0.id.txt",
                    "imputation/batch/all_samples.batch0.idonly.txt",
                    "imputation/batch/all_samples.batch0.noid.txt",
                    "imputation/csv",
                    "imputation/csv/impute.csv",
                    "imputation/quilt",
                    "imputation/quilt/concat",
                    "imputation/quilt/concat/all_samples.batch0.quilt.vcf.gz",
                    "imputation/quilt/concat/all_samples.batch0.quilt.vcf.gz.tbi",
                    "imputation/quilt/samples",
                    "imputation/quilt/samples/NA12878.quilt.vcf.gz",
                    "imputation/quilt/samples/NA12878.quilt.vcf.gz.tbi",
                    "imputation/quilt/samples/NA19401.quilt.vcf.gz",
                    "imputation/quilt/samples/NA19401.quilt.vcf.gz.tbi",
                    "imputation/quilt/samples/NA20359.quilt.vcf.gz",
                    "imputation/quilt/samples/NA20359.quilt.vcf.gz.tbi",
                    "imputation/quilt/variant_calling",
                    "imputation/quilt/variant_calling/RData",
                    "imputation/quilt/variant_calling/all_samples.batch0.chr21.quilt.ligate.vcf.gz",
                    "imputation/quilt/variant_calling/all_samples.batch0.chr21.quilt.ligate.vcf.gz.tbi",
                    "imputation/quilt/variant_calling/all_samples.batch0.chr21_16570070-16595525.quilt.vcf.gz",
                    "imputation/quilt/variant_calling/all_samples.batch0.chr21_16570070-16595525.quilt.vcf.gz.tbi",
                    "imputation/quilt/variant_calling/all_samples.batch0.chr21_16585483-16609998.quilt.vcf.gz",
                    "imputation/quilt/variant_calling/all_samples.batch0.chr21_16585483-16609998.quilt.vcf.gz.tbi",
                    "imputation/quilt/variant_calling/all_samples.batch0.chr22.quilt.ligate.vcf.gz",
                    "imputation/quilt/variant_calling/all_samples.batch0.chr22.quilt.ligate.vcf.gz.tbi",
                    "imputation/quilt/variant_calling/all_samples.batch0.chr22_16570065-16597215.quilt.vcf.gz",
                    "imputation/quilt/variant_calling/all_samples.batch0.chr22_16570065-16597215.quilt.vcf.gz.tbi",
                    "imputation/quilt/variant_calling/all_samples.batch0.chr22_16587172-16609999.quilt.vcf.gz",
                    "imputation/quilt/variant_calling/all_samples.batch0.chr22_16587172-16609999.quilt.vcf.gz.tbi",
                    "imputation/stats",
                    "imputation/stats/NA12878.quilt.bcftools_stats.txt",
                    "imputation/stats/NA19401.quilt.bcftools_stats.txt",
                    "imputation/stats/NA20359.quilt.bcftools_stats.txt",
                    "multiqc",
                    "multiqc/multiqc_data",
                    "multiqc/multiqc_data/bcftools-stats-subtypes.txt",
                    "multiqc/multiqc_data/bcftools_stats_indel-lengths.txt",
                    "multiqc/multiqc_data/bcftools_stats_vqc_Count_Indels.txt",
                    "multiqc/multiqc_data/bcftools_stats_vqc_Count_SNP.txt",
                    "multiqc/multiqc_data/bcftools_stats_vqc_Count_Transitions.txt",
                    "multiqc/multiqc_data/bcftools_stats_vqc_Count_Transversions.txt",
                    "multiqc/multiqc_data/llms-full.txt",
                    "multiqc/multiqc_data/multiqc.log",
                    "multiqc/multiqc_data/multiqc.parquet",
                    "multiqc/multiqc_data/multiqc_bcftools_stats.txt",
                    "multiqc/multiqc_data/multiqc_citations.txt",
                    "multiqc/multiqc_data/multiqc_data.json",
                    "multiqc/multiqc_data/multiqc_general_stats.txt",
                    "multiqc/multiqc_data/multiqc_software_versions.txt",
                    "multiqc/multiqc_data/multiqc_sources.txt",
                    "multiqc/multiqc_plots",
                    "multiqc/multiqc_plots/pdf",
                    "multiqc/multiqc_plots/pdf/bcftools-stats-subtypes-cnt.pdf",
                    "multiqc/multiqc_plots/pdf/bcftools-stats-subtypes-pct.pdf",
                    "multiqc/multiqc_plots/pdf/bcftools_stats_indel-lengths-cnt.pdf",
                    "multiqc/multiqc_plots/pdf/bcftools_stats_indel-lengths-log.pdf",
                    "multiqc/multiqc_plots/pdf/bcftools_stats_vqc_Count_Indels.pdf",
                    "multiqc/multiqc_plots/pdf/bcftools_stats_vqc_Count_SNP.pdf",
                    "multiqc/multiqc_plots/pdf/bcftools_stats_vqc_Count_Transitions.pdf",
                    "multiqc/multiqc_plots/pdf/bcftools_stats_vqc_Count_Transversions.pdf",
                    "multiqc/multiqc_plots/png",
                    "multiqc/multiqc_plots/png/bcftools-stats-subtypes-cnt.png",
                    "multiqc/multiqc_plots/png/bcftools-stats-subtypes-pct.png",
                    "multiqc/multiqc_plots/png/bcftools_stats_indel-lengths-cnt.png",
                    "multiqc/multiqc_plots/png/bcftools_stats_indel-lengths-log.png",
                    "multiqc/multiqc_plots/png/bcftools_stats_vqc_Count_Indels.png",
                    "multiqc/multiqc_plots/png/bcftools_stats_vqc_Count_SNP.png",
                    "multiqc/multiqc_plots/png/bcftools_stats_vqc_Count_Transitions.png",
                    "multiqc/multiqc_plots/png/bcftools_stats_vqc_Count_Transversions.png",
                    "multiqc/multiqc_plots/svg",
                    "multiqc/multiqc_plots/svg/bcftools-stats-subtypes-cnt.svg",
                    "multiqc/multiqc_plots/svg/bcftools-stats-subtypes-pct.svg",
                    "multiqc/multiqc_plots/svg/bcftools_stats_indel-lengths-cnt.svg",
                    "multiqc/multiqc_plots/svg/bcftools_stats_indel-lengths-log.svg",
                    "multiqc/multiqc_plots/svg/bcftools_stats_vqc_Count_Indels.svg",
                    "multiqc/multiqc_plots/svg/bcftools_stats_vqc_Count_SNP.svg",
                    "multiqc/multiqc_plots/svg/bcftools_stats_vqc_Count_Transitions.svg",
                    "multiqc/multiqc_plots/svg/bcftools_stats_vqc_Count_Transversions.svg",
                    "multiqc/multiqc_report.html",
                    "pipeline_info",
                    "pipeline_info/nf_core_phaseimpute_software_mqc_versions.yml"
                ],
                "stable path": [
                    "all_samples.batch0.id.txt:md5,19595d0c2ee3d3d4e0db213e4469dac6",
                    "all_samples.batch0.idonly.txt:md5,b16baeecc412602ee233e14bcbe592b7",
                    "all_samples.batch0.noid.txt:md5,2b87699e9ed5101bc2addb7596cf16c7",
                    "NA12878.quilt.bcftools_stats.txt:md5,06be906390f87548cff77877dff5c981",
                    "NA19401.quilt.bcftools_stats.txt:md5,eaf59f02e81aeaafdc1953e92687d5d0",
                    "NA20359.quilt.bcftools_stats.txt:md5,24972d94b67f8d0bcfe88fa052c1f279",
                    "bcftools-stats-subtypes.txt:md5,21bcf26940e91c117b1b35f5dff864d6",
                    "bcftools_stats_indel-lengths.txt:md5,6e3bc8ca93512c2cf61d7f8d267d31ea",
                    "bcftools_stats_vqc_Count_Indels.txt:md5,b824aec68c806e9a55a30dc28e3df6ef",
                    "bcftools_stats_vqc_Count_SNP.txt:md5,be332d2de2807101988e344fc5280086",
                    "bcftools_stats_vqc_Count_Transitions.txt:md5,007b7ac097fc7d06b1c7e4a7b29865aa",
                    "bcftools_stats_vqc_Count_Transversions.txt:md5,37fa486beefe0b4d08410966898e9b45",
                    "multiqc_bcftools_stats.txt:md5,d4b06f92c73ef70b26e0bc448d2e28ae",
                    "multiqc_citations.txt:md5,5cbab4ecbe14049d965fd97bd61d252b",
                    "multiqc_general_stats.txt:md5,ca0be109c548005ec711fd5b7fcb1655"
                ],
                "BAM files": [
                    
                ],
                "VCF files": [
                    [
                        "all_samples.batch0.quilt.vcf.gz",
                        "1a0d4125290fd1783048211b5657cf27"
                    ],
                    [
                        "NA12878.quilt.vcf.gz",
                        "281e8b36038664ff1ee3c4cc6f188aa7"
                    ],
                    [
                        "NA19401.quilt.vcf.gz",
                        "621bdd8382c62dd5302d482124035c47"
                    ],
                    [
                        "NA20359.quilt.vcf.gz",
                        "b9a0759000a772e621bc0395a4c3df57"
                    ],
                    [
                        "all_samples.batch0.chr21.quilt.ligate.vcf.gz",
                        "3242934ea328493b86aa221096d3a07d"
                    ],
                    [
                        "all_samples.batch0.chr21_16570070-16595525.quilt.vcf.gz",
                        "75185b257b3b2935112af967c2891b36"
                    ],
                    [
                        "all_samples.batch0.chr21_16585483-16609998.quilt.vcf.gz",
                        "b8b9622343f731c887b237825270e70e"
                    ],
                    [
                        "all_samples.batch0.chr22.quilt.ligate.vcf.gz",
                        "cebbdefcd564787e030850e92cbe27de"
                    ],
                    [
                        "all_samples.batch0.chr22_16570065-16597215.quilt.vcf.gz",
                        "26ac04b92290c3d48eaa222f9528d388"
                    ],
                    [
                        "all_samples.batch0.chr22_16587172-16609999.quilt.vcf.gz",
                        "764af415880744e152419a9017d17054"
                    ]
                ],
                "CSV files": [
                    {
                        "fileName": "impute.csv",
                        "rows": [
                            "sample,tools,file,index",
                            "NA12878,quilt,NA12878.quilt.vcf.gz,NA12878.quilt.vcf.gz.tbi",
                            "NA19401,quilt,NA19401.quilt.vcf.gz,NA19401.quilt.vcf.gz.tbi",
                            "NA20359,quilt,NA20359.quilt.vcf.gz,NA20359.quilt.vcf.gz.tbi"
                        ]
                    }
                ]
            },
            {
                "all_samples.batch0.quilt": {
                    "summary": "VcfFile [chromosomes=[chr21, chr22], sampleCount=3, variantCount=1739, phased=true]",
                    "samples": [
                        "NA12878",
                        "NA19401",
                        "NA20359"
                    ]
                }
            }
        ],
        "timestamp": "2026-03-09T11:30:39.827639136",
        "meta": {
            "nf-test": "0.9.4",
            "nextflow": "25.10.4"
        }
    },
    "Check test_quilt - with chunks - no map": {
        "content": [
            {
                "workflow size": 25,
                "versions": {
                    "BAMCHREXTRACT": {
                        "samtools": "1.22.1"
                    },
                    "BCFTOOLS_CONCAT": {
                        "bcftools": 1.22
                    },
                    "BCFTOOLS_INDEX": {
                        "bcftools": 1.22
                    },
                    "BCFTOOLS_PLUGINSPLIT": {
                        "bcftools": 1.22
                    },
                    "BCFTOOLS_QUERY_IMPUTED": {
                        "bcftools": 1.22
                    },
                    "BCFTOOLS_STATS_TOOLS": {
                        "bcftools": 1.22
                    },
                    "BGZIP_POSFILE_QUILT": {
                        "tabix": 1.21
                    },
                    "GAWK_IMPUTED": {
                        "gawk": "5.3.0"
                    },
                    "GAWK_POSFILE_QUILT": {
                        "gawk": "5.3.0"
                    },
                    "GLIMPSE2_LIGATE": {
                        "glimpse2": "2.0.0"
                    },
                    "LISTTOFILE": {
                        "gawk": "5.3.0"
                    },
                    "QUILT_QUILT": {
                        "r-base": "4.3.1",
                        "r-quilt": "1.0.5"
                    },
                    "SAMTOOLS_FAIDX": {
                        "samtools": "1.22.1"
                    },
                    "Workflow": {
                        "nf-core/phaseimpute": "v1.2.0dev"
                    }
                },
                "stable name": [
                    "imputation",
                    "imputation/batch",
                    "imputation/batch/all_samples.batch0.id.txt",
                    "imputation/batch/all_samples.batch0.idonly.txt",
                    "imputation/batch/all_samples.batch0.noid.txt",
                    "imputation/csv",
                    "imputation/csv/impute.csv",
                    "imputation/quilt",
                    "imputation/quilt/concat",
                    "imputation/quilt/concat/all_samples.batch0.quilt.vcf.gz",
                    "imputation/quilt/concat/all_samples.batch0.quilt.vcf.gz.tbi",
                    "imputation/quilt/samples",
                    "imputation/quilt/samples/NA12878.quilt.vcf.gz",
                    "imputation/quilt/samples/NA12878.quilt.vcf.gz.tbi",
                    "imputation/quilt/samples/NA19401.quilt.vcf.gz",
                    "imputation/quilt/samples/NA19401.quilt.vcf.gz.tbi",
                    "imputation/quilt/samples/NA20359.quilt.vcf.gz",
                    "imputation/quilt/samples/NA20359.quilt.vcf.gz.tbi",
                    "imputation/quilt/variant_calling",
                    "imputation/quilt/variant_calling/RData",
                    "imputation/quilt/variant_calling/all_samples.batch0.chr21.quilt.ligate.vcf.gz",
                    "imputation/quilt/variant_calling/all_samples.batch0.chr21.quilt.ligate.vcf.gz.tbi",
                    "imputation/quilt/variant_calling/all_samples.batch0.chr21_16570070-16595525.quilt.vcf.gz",
                    "imputation/quilt/variant_calling/all_samples.batch0.chr21_16570070-16595525.quilt.vcf.gz.tbi",
                    "imputation/quilt/variant_calling/all_samples.batch0.chr21_16585483-16609998.quilt.vcf.gz",
                    "imputation/quilt/variant_calling/all_samples.batch0.chr21_16585483-16609998.quilt.vcf.gz.tbi",
                    "imputation/quilt/variant_calling/all_samples.batch0.chr22.quilt.ligate.vcf.gz",
                    "imputation/quilt/variant_calling/all_samples.batch0.chr22.quilt.ligate.vcf.gz.tbi",
                    "imputation/quilt/variant_calling/all_samples.batch0.chr22_16570065-16597215.quilt.vcf.gz",
                    "imputation/quilt/variant_calling/all_samples.batch0.chr22_16570065-16597215.quilt.vcf.gz.tbi",
                    "imputation/quilt/variant_calling/all_samples.batch0.chr22_16587172-16609999.quilt.vcf.gz",
                    "imputation/quilt/variant_calling/all_samples.batch0.chr22_16587172-16609999.quilt.vcf.gz.tbi",
                    "imputation/stats",
                    "imputation/stats/NA12878.quilt.bcftools_stats.txt",
                    "imputation/stats/NA19401.quilt.bcftools_stats.txt",
                    "imputation/stats/NA20359.quilt.bcftools_stats.txt",
                    "multiqc",
                    "multiqc/multiqc_data",
                    "multiqc/multiqc_data/bcftools-stats-subtypes.txt",
                    "multiqc/multiqc_data/bcftools_stats_indel-lengths.txt",
                    "multiqc/multiqc_data/bcftools_stats_vqc_Count_Indels.txt",
                    "multiqc/multiqc_data/bcftools_stats_vqc_Count_SNP.txt",
                    "multiqc/multiqc_data/bcftools_stats_vqc_Count_Transitions.txt",
                    "multiqc/multiqc_data/bcftools_stats_vqc_Count_Transversions.txt",
                    "multiqc/multiqc_data/llms-full.txt",
                    "multiqc/multiqc_data/multiqc.log",
                    "multiqc/multiqc_data/multiqc.parquet",
                    "multiqc/multiqc_data/multiqc_bcftools_stats.txt",
                    "multiqc/multiqc_data/multiqc_citations.txt",
                    "multiqc/multiqc_data/multiqc_data.json",
                    "multiqc/multiqc_data/multiqc_general_stats.txt",
                    "multiqc/multiqc_data/multiqc_software_versions.txt",
                    "multiqc/multiqc_data/multiqc_sources.txt",
                    "multiqc/multiqc_plots",
                    "multiqc/multiqc_plots/pdf",
                    "multiqc/multiqc_plots/pdf/bcftools-stats-subtypes-cnt.pdf",
                    "multiqc/multiqc_plots/pdf/bcftools-stats-subtypes-pct.pdf",
                    "multiqc/multiqc_plots/pdf/bcftools_stats_indel-lengths-cnt.pdf",
                    "multiqc/multiqc_plots/pdf/bcftools_stats_indel-lengths-log.pdf",
                    "multiqc/multiqc_plots/pdf/bcftools_stats_vqc_Count_Indels.pdf",
                    "multiqc/multiqc_plots/pdf/bcftools_stats_vqc_Count_SNP.pdf",
                    "multiqc/multiqc_plots/pdf/bcftools_stats_vqc_Count_Transitions.pdf",
                    "multiqc/multiqc_plots/pdf/bcftools_stats_vqc_Count_Transversions.pdf",
                    "multiqc/multiqc_plots/png",
                    "multiqc/multiqc_plots/png/bcftools-stats-subtypes-cnt.png",
                    "multiqc/multiqc_plots/png/bcftools-stats-subtypes-pct.png",
                    "multiqc/multiqc_plots/png/bcftools_stats_indel-lengths-cnt.png",
                    "multiqc/multiqc_plots/png/bcftools_stats_indel-lengths-log.png",
                    "multiqc/multiqc_plots/png/bcftools_stats_vqc_Count_Indels.png",
                    "multiqc/multiqc_plots/png/bcftools_stats_vqc_Count_SNP.png",
                    "multiqc/multiqc_plots/png/bcftools_stats_vqc_Count_Transitions.png",
                    "multiqc/multiqc_plots/png/bcftools_stats_vqc_Count_Transversions.png",
                    "multiqc/multiqc_plots/svg",
                    "multiqc/multiqc_plots/svg/bcftools-stats-subtypes-cnt.svg",
                    "multiqc/multiqc_plots/svg/bcftools-stats-subtypes-pct.svg",
                    "multiqc/multiqc_plots/svg/bcftools_stats_indel-lengths-cnt.svg",
                    "multiqc/multiqc_plots/svg/bcftools_stats_indel-lengths-log.svg",
                    "multiqc/multiqc_plots/svg/bcftools_stats_vqc_Count_Indels.svg",
                    "multiqc/multiqc_plots/svg/bcftools_stats_vqc_Count_SNP.svg",
                    "multiqc/multiqc_plots/svg/bcftools_stats_vqc_Count_Transitions.svg",
                    "multiqc/multiqc_plots/svg/bcftools_stats_vqc_Count_Transversions.svg",
                    "multiqc/multiqc_report.html",
                    "pipeline_info",
                    "pipeline_info/nf_core_phaseimpute_software_mqc_versions.yml"
                ],
                "stable path": [
                    "all_samples.batch0.id.txt:md5,19595d0c2ee3d3d4e0db213e4469dac6",
                    "all_samples.batch0.idonly.txt:md5,b16baeecc412602ee233e14bcbe592b7",
                    "all_samples.batch0.noid.txt:md5,2b87699e9ed5101bc2addb7596cf16c7",
                    "NA12878.quilt.bcftools_stats.txt:md5,06be906390f87548cff77877dff5c981",
                    "NA19401.quilt.bcftools_stats.txt:md5,eaf59f02e81aeaafdc1953e92687d5d0",
                    "NA20359.quilt.bcftools_stats.txt:md5,24972d94b67f8d0bcfe88fa052c1f279",
                    "bcftools-stats-subtypes.txt:md5,21bcf26940e91c117b1b35f5dff864d6",
                    "bcftools_stats_indel-lengths.txt:md5,6e3bc8ca93512c2cf61d7f8d267d31ea",
                    "bcftools_stats_vqc_Count_Indels.txt:md5,b824aec68c806e9a55a30dc28e3df6ef",
                    "bcftools_stats_vqc_Count_SNP.txt:md5,be332d2de2807101988e344fc5280086",
                    "bcftools_stats_vqc_Count_Transitions.txt:md5,007b7ac097fc7d06b1c7e4a7b29865aa",
                    "bcftools_stats_vqc_Count_Transversions.txt:md5,37fa486beefe0b4d08410966898e9b45",
                    "multiqc_bcftools_stats.txt:md5,d4b06f92c73ef70b26e0bc448d2e28ae",
                    "multiqc_citations.txt:md5,5cbab4ecbe14049d965fd97bd61d252b",
                    "multiqc_general_stats.txt:md5,ca0be109c548005ec711fd5b7fcb1655"
                ],
                "BAM files": [
                    
                ],
                "VCF files": [
                    [
                        "all_samples.batch0.quilt.vcf.gz",
                        "1a0d4125290fd1783048211b5657cf27"
                    ],
                    [
                        "NA12878.quilt.vcf.gz",
                        "281e8b36038664ff1ee3c4cc6f188aa7"
                    ],
                    [
                        "NA19401.quilt.vcf.gz",
                        "621bdd8382c62dd5302d482124035c47"
                    ],
                    [
                        "NA20359.quilt.vcf.gz",
                        "b9a0759000a772e621bc0395a4c3df57"
                    ],
                    [
                        "all_samples.batch0.chr21.quilt.ligate.vcf.gz",
                        "3242934ea328493b86aa221096d3a07d"
                    ],
                    [
                        "all_samples.batch0.chr21_16570070-16595525.quilt.vcf.gz",
                        "75185b257b3b2935112af967c2891b36"
                    ],
                    [
                        "all_samples.batch0.chr21_16585483-16609998.quilt.vcf.gz",
                        "b8b9622343f731c887b237825270e70e"
                    ],
                    [
                        "all_samples.batch0.chr22.quilt.ligate.vcf.gz",
                        "cebbdefcd564787e030850e92cbe27de"
                    ],
                    [
                        "all_samples.batch0.chr22_16570065-16597215.quilt.vcf.gz",
                        "26ac04b92290c3d48eaa222f9528d388"
                    ],
                    [
                        "all_samples.batch0.chr22_16587172-16609999.quilt.vcf.gz",
                        "764af415880744e152419a9017d17054"
                    ]
                ],
                "CSV files": [
                    {
                        "fileName": "impute.csv",
                        "rows": [
                            "sample,tools,file,index",
                            "NA12878,quilt,NA12878.quilt.vcf.gz,NA12878.quilt.vcf.gz.tbi",
                            "NA19401,quilt,NA19401.quilt.vcf.gz,NA19401.quilt.vcf.gz.tbi",
                            "NA20359,quilt,NA20359.quilt.vcf.gz,NA20359.quilt.vcf.gz.tbi"
                        ]
                    }
                ]
            },
            {
                "all_samples.batch0.quilt": {
                    "summary": "VcfFile [chromosomes=[chr21, chr22], sampleCount=3, variantCount=1739, phased=true]",
                    "samples": [
                        "NA12878",
                        "NA19401",
                        "NA20359"
                    ]
                }
            }
        ],
        "timestamp": "2026-03-09T11:32:00.751017253",
        "meta": {
            "nf-test": "0.9.4",
            "nextflow": "25.10.4"
        }
    }
}