{
    "Check test_glimpse2 - with chunks - no map": {
        "content": [
            {
                "workflow size": 27,
                "versions": {
                    "BAMCHREXTRACT": {
                        "samtools": "1.22.1"
                    },
                    "BCFTOOLS_CONCAT": {
                        "bcftools": 1.22
                    },
                    "BCFTOOLS_INDEX_LIGATE": {
                        "bcftools": 1.22
                    },
                    "BCFTOOLS_INDEX_PHASE": {
                        "bcftools": 1.22
                    },
                    "BCFTOOLS_PLUGINSPLIT": {
                        "bcftools": 1.22
                    },
                    "BCFTOOLS_QUERY_IMPUTED": {
                        "bcftools": 1.22
                    },
                    "BCFTOOLS_STATS_TOOLS": {
                        "bcftools": 1.22
                    },
                    "GAWK_IMPUTED": {
                        "gawk": "5.3.0"
                    },
                    "GLIMPSE2_LIGATE": {
                        "glimpse2": "2.0.0"
                    },
                    "GLIMPSE2_PHASE": {
                        "glimpse2": "2.0.0"
                    },
                    "LISTTOFILE": {
                        "gawk": "5.3.0"
                    },
                    "SAMTOOLS_FAIDX": {
                        "samtools": "1.22.1"
                    },
                    "VCFCHREXTRACT": {
                        "bcftools": 1.22
                    },
                    "Workflow": {
                        "nf-core/phaseimpute": "v1.2.0dev"
                    }
                },
                "stable name": [
                    "imputation",
                    "imputation/batch",
                    "imputation/batch/all_samples.batch0.id.txt",
                    "imputation/batch/all_samples.batch0.idonly.txt",
                    "imputation/batch/all_samples.batch0.noid.txt",
                    "imputation/csv",
                    "imputation/csv/impute.csv",
                    "imputation/glimpse2",
                    "imputation/glimpse2/concat",
                    "imputation/glimpse2/concat/all_samples.batch0.glimpse2.vcf.gz",
                    "imputation/glimpse2/concat/all_samples.batch0.glimpse2.vcf.gz.tbi",
                    "imputation/glimpse2/samples",
                    "imputation/glimpse2/samples/NA12878.glimpse2.vcf.gz",
                    "imputation/glimpse2/samples/NA12878.glimpse2.vcf.gz.tbi",
                    "imputation/glimpse2/samples/NA19401.glimpse2.vcf.gz",
                    "imputation/glimpse2/samples/NA19401.glimpse2.vcf.gz.tbi",
                    "imputation/glimpse2/samples/NA20359.glimpse2.vcf.gz",
                    "imputation/glimpse2/samples/NA20359.glimpse2.vcf.gz.tbi",
                    "imputation/stats",
                    "imputation/stats/NA12878.glimpse2.bcftools_stats.txt",
                    "imputation/stats/NA19401.glimpse2.bcftools_stats.txt",
                    "imputation/stats/NA20359.glimpse2.bcftools_stats.txt",
                    "multiqc",
                    "multiqc/multiqc_data",
                    "multiqc/multiqc_data/bcftools-stats-subtypes.txt",
                    "multiqc/multiqc_data/bcftools_stats_indel-lengths.txt",
                    "multiqc/multiqc_data/bcftools_stats_vqc_Count_Indels.txt",
                    "multiqc/multiqc_data/bcftools_stats_vqc_Count_SNP.txt",
                    "multiqc/multiqc_data/bcftools_stats_vqc_Count_Transitions.txt",
                    "multiqc/multiqc_data/bcftools_stats_vqc_Count_Transversions.txt",
                    "multiqc/multiqc_data/llms-full.txt",
                    "multiqc/multiqc_data/multiqc.log",
                    "multiqc/multiqc_data/multiqc.parquet",
                    "multiqc/multiqc_data/multiqc_bcftools_stats.txt",
                    "multiqc/multiqc_data/multiqc_citations.txt",
                    "multiqc/multiqc_data/multiqc_data.json",
                    "multiqc/multiqc_data/multiqc_general_stats.txt",
                    "multiqc/multiqc_data/multiqc_software_versions.txt",
                    "multiqc/multiqc_data/multiqc_sources.txt",
                    "multiqc/multiqc_plots",
                    "multiqc/multiqc_plots/pdf",
                    "multiqc/multiqc_plots/pdf/bcftools-stats-subtypes-cnt.pdf",
                    "multiqc/multiqc_plots/pdf/bcftools-stats-subtypes-pct.pdf",
                    "multiqc/multiqc_plots/pdf/bcftools_stats_indel-lengths-cnt.pdf",
                    "multiqc/multiqc_plots/pdf/bcftools_stats_indel-lengths-log.pdf",
                    "multiqc/multiqc_plots/pdf/bcftools_stats_vqc_Count_Indels.pdf",
                    "multiqc/multiqc_plots/pdf/bcftools_stats_vqc_Count_SNP.pdf",
                    "multiqc/multiqc_plots/pdf/bcftools_stats_vqc_Count_Transitions.pdf",
                    "multiqc/multiqc_plots/pdf/bcftools_stats_vqc_Count_Transversions.pdf",
                    "multiqc/multiqc_plots/png",
                    "multiqc/multiqc_plots/png/bcftools-stats-subtypes-cnt.png",
                    "multiqc/multiqc_plots/png/bcftools-stats-subtypes-pct.png",
                    "multiqc/multiqc_plots/png/bcftools_stats_indel-lengths-cnt.png",
                    "multiqc/multiqc_plots/png/bcftools_stats_indel-lengths-log.png",
                    "multiqc/multiqc_plots/png/bcftools_stats_vqc_Count_Indels.png",
                    "multiqc/multiqc_plots/png/bcftools_stats_vqc_Count_SNP.png",
                    "multiqc/multiqc_plots/png/bcftools_stats_vqc_Count_Transitions.png",
                    "multiqc/multiqc_plots/png/bcftools_stats_vqc_Count_Transversions.png",
                    "multiqc/multiqc_plots/svg",
                    "multiqc/multiqc_plots/svg/bcftools-stats-subtypes-cnt.svg",
                    "multiqc/multiqc_plots/svg/bcftools-stats-subtypes-pct.svg",
                    "multiqc/multiqc_plots/svg/bcftools_stats_indel-lengths-cnt.svg",
                    "multiqc/multiqc_plots/svg/bcftools_stats_indel-lengths-log.svg",
                    "multiqc/multiqc_plots/svg/bcftools_stats_vqc_Count_Indels.svg",
                    "multiqc/multiqc_plots/svg/bcftools_stats_vqc_Count_SNP.svg",
                    "multiqc/multiqc_plots/svg/bcftools_stats_vqc_Count_Transitions.svg",
                    "multiqc/multiqc_plots/svg/bcftools_stats_vqc_Count_Transversions.svg",
                    "multiqc/multiqc_report.html",
                    "pipeline_info",
                    "pipeline_info/nf_core_phaseimpute_software_mqc_versions.yml"
                ],
                "stable path": [
                    "all_samples.batch0.id.txt:md5,19595d0c2ee3d3d4e0db213e4469dac6",
                    "all_samples.batch0.idonly.txt:md5,b16baeecc412602ee233e14bcbe592b7",
                    "all_samples.batch0.noid.txt:md5,2b87699e9ed5101bc2addb7596cf16c7",
                    "NA12878.glimpse2.bcftools_stats.txt:md5,4551f4274b0c2e04d6c8f41454dc9b88",
                    "NA19401.glimpse2.bcftools_stats.txt:md5,cca5d4895da3203386fa9ee061044d12",
                    "NA20359.glimpse2.bcftools_stats.txt:md5,fa7efcf9b006db08bd66e61f54d04f4a",
                    "bcftools-stats-subtypes.txt:md5,9c74a2688bd333bd9c9919476514258e",
                    "bcftools_stats_indel-lengths.txt:md5,c6e6807cefcb18f541f0f6e1c803324a",
                    "bcftools_stats_vqc_Count_Indels.txt:md5,201aeaab7e476ca176793007dfcb9985",
                    "bcftools_stats_vqc_Count_SNP.txt:md5,8f445c0315899ebfc9dbfa13b4269693",
                    "bcftools_stats_vqc_Count_Transitions.txt:md5,43c2c4305e4244ed0d37bef2b64938d9",
                    "bcftools_stats_vqc_Count_Transversions.txt:md5,ef7a61191ad2176631e63fc5ac3a9b74",
                    "multiqc_bcftools_stats.txt:md5,97cf6e8503e68980e44b8db0b94fddb8",
                    "multiqc_citations.txt:md5,5cbab4ecbe14049d965fd97bd61d252b",
                    "multiqc_general_stats.txt:md5,0d145e8148487878ea5f870211ba841f"
                ],
                "BAM files": [
                    
                ],
                "VCF files": [
                    [
                        "all_samples.batch0.glimpse2.vcf.gz",
                        "2c4ff9c4583dda15c5cee64a533312e5"
                    ],
                    [
                        "NA12878.glimpse2.vcf.gz",
                        "d1177aeb8d3dcd03ec2c4e5f47405067"
                    ],
                    [
                        "NA19401.glimpse2.vcf.gz",
                        "6c9f1d2288e4c0b0cca7dd36f5a45d54"
                    ],
                    [
                        "NA20359.glimpse2.vcf.gz",
                        "a170c839de5c48d171475b885fa00439"
                    ]
                ],
                "CSV files": [
                    {
                        "fileName": "impute.csv",
                        "rows": [
                            "sample,tools,file,index",
                            "NA12878,glimpse2,NA12878.glimpse2.vcf.gz,NA12878.glimpse2.vcf.gz.tbi",
                            "NA19401,glimpse2,NA19401.glimpse2.vcf.gz,NA19401.glimpse2.vcf.gz.tbi",
                            "NA20359,glimpse2,NA20359.glimpse2.vcf.gz,NA20359.glimpse2.vcf.gz.tbi"
                        ]
                    }
                ]
            },
            {
                "all_samples.batch0.glimpse2": {
                    "summary": "VcfFile [chromosomes=[chr21, chr22], sampleCount=3, variantCount=1739, phased=true]",
                    "samples": [
                        "NA12878",
                        "NA19401",
                        "NA20359"
                    ]
                }
            }
        ],
        "timestamp": "2026-03-03T11:45:40.803495138",
        "meta": {
            "nf-test": "0.9.4",
            "nextflow": "25.10.4"
        }
    },
    "Check test_glimpse2 - with chunks": {
        "content": [
            {
                "workflow size": 27,
                "versions": {
                    "BAMCHREXTRACT": {
                        "samtools": "1.22.1"
                    },
                    "BCFTOOLS_CONCAT": {
                        "bcftools": 1.22
                    },
                    "BCFTOOLS_INDEX_LIGATE": {
                        "bcftools": 1.22
                    },
                    "BCFTOOLS_INDEX_PHASE": {
                        "bcftools": 1.22
                    },
                    "BCFTOOLS_PLUGINSPLIT": {
                        "bcftools": 1.22
                    },
                    "BCFTOOLS_QUERY_IMPUTED": {
                        "bcftools": 1.22
                    },
                    "BCFTOOLS_STATS_TOOLS": {
                        "bcftools": 1.22
                    },
                    "GAWK_IMPUTED": {
                        "gawk": "5.3.0"
                    },
                    "GLIMPSE2_LIGATE": {
                        "glimpse2": "2.0.0"
                    },
                    "GLIMPSE2_PHASE": {
                        "glimpse2": "2.0.0"
                    },
                    "LISTTOFILE": {
                        "gawk": "5.3.0"
                    },
                    "SAMTOOLS_FAIDX": {
                        "samtools": "1.22.1"
                    },
                    "VCFCHREXTRACT": {
                        "bcftools": 1.22
                    },
                    "Workflow": {
                        "nf-core/phaseimpute": "v1.2.0dev"
                    }
                },
                "stable name": [
                    "imputation",
                    "imputation/batch",
                    "imputation/batch/all_samples.batch0.id.txt",
                    "imputation/batch/all_samples.batch0.idonly.txt",
                    "imputation/batch/all_samples.batch0.noid.txt",
                    "imputation/csv",
                    "imputation/csv/impute.csv",
                    "imputation/glimpse2",
                    "imputation/glimpse2/concat",
                    "imputation/glimpse2/concat/all_samples.batch0.glimpse2.vcf.gz",
                    "imputation/glimpse2/concat/all_samples.batch0.glimpse2.vcf.gz.tbi",
                    "imputation/glimpse2/samples",
                    "imputation/glimpse2/samples/NA12878.glimpse2.vcf.gz",
                    "imputation/glimpse2/samples/NA12878.glimpse2.vcf.gz.tbi",
                    "imputation/glimpse2/samples/NA19401.glimpse2.vcf.gz",
                    "imputation/glimpse2/samples/NA19401.glimpse2.vcf.gz.tbi",
                    "imputation/glimpse2/samples/NA20359.glimpse2.vcf.gz",
                    "imputation/glimpse2/samples/NA20359.glimpse2.vcf.gz.tbi",
                    "imputation/stats",
                    "imputation/stats/NA12878.glimpse2.bcftools_stats.txt",
                    "imputation/stats/NA19401.glimpse2.bcftools_stats.txt",
                    "imputation/stats/NA20359.glimpse2.bcftools_stats.txt",
                    "multiqc",
                    "multiqc/multiqc_data",
                    "multiqc/multiqc_data/bcftools-stats-subtypes.txt",
                    "multiqc/multiqc_data/bcftools_stats_indel-lengths.txt",
                    "multiqc/multiqc_data/bcftools_stats_vqc_Count_Indels.txt",
                    "multiqc/multiqc_data/bcftools_stats_vqc_Count_SNP.txt",
                    "multiqc/multiqc_data/bcftools_stats_vqc_Count_Transitions.txt",
                    "multiqc/multiqc_data/bcftools_stats_vqc_Count_Transversions.txt",
                    "multiqc/multiqc_data/llms-full.txt",
                    "multiqc/multiqc_data/multiqc.log",
                    "multiqc/multiqc_data/multiqc.parquet",
                    "multiqc/multiqc_data/multiqc_bcftools_stats.txt",
                    "multiqc/multiqc_data/multiqc_citations.txt",
                    "multiqc/multiqc_data/multiqc_data.json",
                    "multiqc/multiqc_data/multiqc_general_stats.txt",
                    "multiqc/multiqc_data/multiqc_software_versions.txt",
                    "multiqc/multiqc_data/multiqc_sources.txt",
                    "multiqc/multiqc_plots",
                    "multiqc/multiqc_plots/pdf",
                    "multiqc/multiqc_plots/pdf/bcftools-stats-subtypes-cnt.pdf",
                    "multiqc/multiqc_plots/pdf/bcftools-stats-subtypes-pct.pdf",
                    "multiqc/multiqc_plots/pdf/bcftools_stats_indel-lengths-cnt.pdf",
                    "multiqc/multiqc_plots/pdf/bcftools_stats_indel-lengths-log.pdf",
                    "multiqc/multiqc_plots/pdf/bcftools_stats_vqc_Count_Indels.pdf",
                    "multiqc/multiqc_plots/pdf/bcftools_stats_vqc_Count_SNP.pdf",
                    "multiqc/multiqc_plots/pdf/bcftools_stats_vqc_Count_Transitions.pdf",
                    "multiqc/multiqc_plots/pdf/bcftools_stats_vqc_Count_Transversions.pdf",
                    "multiqc/multiqc_plots/png",
                    "multiqc/multiqc_plots/png/bcftools-stats-subtypes-cnt.png",
                    "multiqc/multiqc_plots/png/bcftools-stats-subtypes-pct.png",
                    "multiqc/multiqc_plots/png/bcftools_stats_indel-lengths-cnt.png",
                    "multiqc/multiqc_plots/png/bcftools_stats_indel-lengths-log.png",
                    "multiqc/multiqc_plots/png/bcftools_stats_vqc_Count_Indels.png",
                    "multiqc/multiqc_plots/png/bcftools_stats_vqc_Count_SNP.png",
                    "multiqc/multiqc_plots/png/bcftools_stats_vqc_Count_Transitions.png",
                    "multiqc/multiqc_plots/png/bcftools_stats_vqc_Count_Transversions.png",
                    "multiqc/multiqc_plots/svg",
                    "multiqc/multiqc_plots/svg/bcftools-stats-subtypes-cnt.svg",
                    "multiqc/multiqc_plots/svg/bcftools-stats-subtypes-pct.svg",
                    "multiqc/multiqc_plots/svg/bcftools_stats_indel-lengths-cnt.svg",
                    "multiqc/multiqc_plots/svg/bcftools_stats_indel-lengths-log.svg",
                    "multiqc/multiqc_plots/svg/bcftools_stats_vqc_Count_Indels.svg",
                    "multiqc/multiqc_plots/svg/bcftools_stats_vqc_Count_SNP.svg",
                    "multiqc/multiqc_plots/svg/bcftools_stats_vqc_Count_Transitions.svg",
                    "multiqc/multiqc_plots/svg/bcftools_stats_vqc_Count_Transversions.svg",
                    "multiqc/multiqc_report.html",
                    "pipeline_info",
                    "pipeline_info/nf_core_phaseimpute_software_mqc_versions.yml"
                ],
                "stable path": [
                    "all_samples.batch0.id.txt:md5,19595d0c2ee3d3d4e0db213e4469dac6",
                    "all_samples.batch0.idonly.txt:md5,b16baeecc412602ee233e14bcbe592b7",
                    "all_samples.batch0.noid.txt:md5,2b87699e9ed5101bc2addb7596cf16c7",
                    "NA12878.glimpse2.bcftools_stats.txt:md5,4551f4274b0c2e04d6c8f41454dc9b88",
                    "NA19401.glimpse2.bcftools_stats.txt:md5,cca5d4895da3203386fa9ee061044d12",
                    "NA20359.glimpse2.bcftools_stats.txt:md5,fa7efcf9b006db08bd66e61f54d04f4a",
                    "bcftools-stats-subtypes.txt:md5,9c74a2688bd333bd9c9919476514258e",
                    "bcftools_stats_indel-lengths.txt:md5,c6e6807cefcb18f541f0f6e1c803324a",
                    "bcftools_stats_vqc_Count_Indels.txt:md5,201aeaab7e476ca176793007dfcb9985",
                    "bcftools_stats_vqc_Count_SNP.txt:md5,8f445c0315899ebfc9dbfa13b4269693",
                    "bcftools_stats_vqc_Count_Transitions.txt:md5,43c2c4305e4244ed0d37bef2b64938d9",
                    "bcftools_stats_vqc_Count_Transversions.txt:md5,ef7a61191ad2176631e63fc5ac3a9b74",
                    "multiqc_bcftools_stats.txt:md5,97cf6e8503e68980e44b8db0b94fddb8",
                    "multiqc_citations.txt:md5,5cbab4ecbe14049d965fd97bd61d252b",
                    "multiqc_general_stats.txt:md5,0d145e8148487878ea5f870211ba841f"
                ],
                "BAM files": [
                    
                ],
                "VCF files": [
                    [
                        "all_samples.batch0.glimpse2.vcf.gz",
                        "258136e6a05acb6d361bba02bbe1f12"
                    ],
                    [
                        "NA12878.glimpse2.vcf.gz",
                        "ec0d1259b383b77c76f65229a814bcfc"
                    ],
                    [
                        "NA19401.glimpse2.vcf.gz",
                        "79e3fbd14f8541e65e1eb0f7d9edfbe7"
                    ],
                    [
                        "NA20359.glimpse2.vcf.gz",
                        "8350f3864ba8e8d22ed267e9758a8bcc"
                    ]
                ],
                "CSV files": [
                    {
                        "fileName": "impute.csv",
                        "rows": [
                            "sample,tools,file,index",
                            "NA12878,glimpse2,NA12878.glimpse2.vcf.gz,NA12878.glimpse2.vcf.gz.tbi",
                            "NA19401,glimpse2,NA19401.glimpse2.vcf.gz,NA19401.glimpse2.vcf.gz.tbi",
                            "NA20359,glimpse2,NA20359.glimpse2.vcf.gz,NA20359.glimpse2.vcf.gz.tbi"
                        ]
                    }
                ]
            },
            {
                "all_samples.batch0.glimpse2": {
                    "summary": "VcfFile [chromosomes=[chr21, chr22], sampleCount=3, variantCount=1739, phased=true]",
                    "samples": [
                        "NA12878",
                        "NA19401",
                        "NA20359"
                    ]
                }
            }
        ],
        "timestamp": "2026-03-03T11:44:49.030549552",
        "meta": {
            "nf-test": "0.9.4",
            "nextflow": "25.10.4"
        }
    },
    "Check test_glimpse2 - without chunks": {
        "content": [
            {
                "workflow size": 23,
                "versions": {
                    "BAMCHREXTRACT": {
                        "samtools": "1.22.1"
                    },
                    "BCFTOOLS_CONCAT": {
                        "bcftools": 1.22
                    },
                    "BCFTOOLS_INDEX_LIGATE": {
                        "bcftools": 1.22
                    },
                    "BCFTOOLS_INDEX_PHASE": {
                        "bcftools": 1.22
                    },
                    "BCFTOOLS_PLUGINSPLIT": {
                        "bcftools": 1.22
                    },
                    "BCFTOOLS_QUERY_IMPUTED": {
                        "bcftools": 1.22
                    },
                    "BCFTOOLS_STATS_TOOLS": {
                        "bcftools": 1.22
                    },
                    "GAWK_IMPUTED": {
                        "gawk": "5.3.0"
                    },
                    "GLIMPSE2_LIGATE": {
                        "glimpse2": "2.0.0"
                    },
                    "GLIMPSE2_PHASE": {
                        "glimpse2": "2.0.0"
                    },
                    "LISTTOFILE": {
                        "gawk": "5.3.0"
                    },
                    "SAMTOOLS_FAIDX": {
                        "samtools": "1.22.1"
                    },
                    "VCFCHREXTRACT": {
                        "bcftools": 1.22
                    },
                    "Workflow": {
                        "nf-core/phaseimpute": "v1.2.0dev"
                    }
                },
                "stable name": [
                    "imputation",
                    "imputation/batch",
                    "imputation/batch/all_samples.batch0.id.txt",
                    "imputation/batch/all_samples.batch0.idonly.txt",
                    "imputation/batch/all_samples.batch0.noid.txt",
                    "imputation/csv",
                    "imputation/csv/impute.csv",
                    "imputation/glimpse2",
                    "imputation/glimpse2/concat",
                    "imputation/glimpse2/concat/all_samples.batch0.glimpse2.vcf.gz",
                    "imputation/glimpse2/concat/all_samples.batch0.glimpse2.vcf.gz.tbi",
                    "imputation/glimpse2/samples",
                    "imputation/glimpse2/samples/NA12878.glimpse2.vcf.gz",
                    "imputation/glimpse2/samples/NA12878.glimpse2.vcf.gz.tbi",
                    "imputation/glimpse2/samples/NA19401.glimpse2.vcf.gz",
                    "imputation/glimpse2/samples/NA19401.glimpse2.vcf.gz.tbi",
                    "imputation/glimpse2/samples/NA20359.glimpse2.vcf.gz",
                    "imputation/glimpse2/samples/NA20359.glimpse2.vcf.gz.tbi",
                    "imputation/stats",
                    "imputation/stats/NA12878.glimpse2.bcftools_stats.txt",
                    "imputation/stats/NA19401.glimpse2.bcftools_stats.txt",
                    "imputation/stats/NA20359.glimpse2.bcftools_stats.txt",
                    "multiqc",
                    "multiqc/multiqc_data",
                    "multiqc/multiqc_data/bcftools-stats-subtypes.txt",
                    "multiqc/multiqc_data/bcftools_stats_indel-lengths.txt",
                    "multiqc/multiqc_data/bcftools_stats_vqc_Count_Indels.txt",
                    "multiqc/multiqc_data/bcftools_stats_vqc_Count_SNP.txt",
                    "multiqc/multiqc_data/bcftools_stats_vqc_Count_Transitions.txt",
                    "multiqc/multiqc_data/bcftools_stats_vqc_Count_Transversions.txt",
                    "multiqc/multiqc_data/llms-full.txt",
                    "multiqc/multiqc_data/multiqc.log",
                    "multiqc/multiqc_data/multiqc.parquet",
                    "multiqc/multiqc_data/multiqc_bcftools_stats.txt",
                    "multiqc/multiqc_data/multiqc_citations.txt",
                    "multiqc/multiqc_data/multiqc_data.json",
                    "multiqc/multiqc_data/multiqc_general_stats.txt",
                    "multiqc/multiqc_data/multiqc_software_versions.txt",
                    "multiqc/multiqc_data/multiqc_sources.txt",
                    "multiqc/multiqc_plots",
                    "multiqc/multiqc_plots/pdf",
                    "multiqc/multiqc_plots/pdf/bcftools-stats-subtypes-cnt.pdf",
                    "multiqc/multiqc_plots/pdf/bcftools-stats-subtypes-pct.pdf",
                    "multiqc/multiqc_plots/pdf/bcftools_stats_indel-lengths-cnt.pdf",
                    "multiqc/multiqc_plots/pdf/bcftools_stats_indel-lengths-log.pdf",
                    "multiqc/multiqc_plots/pdf/bcftools_stats_vqc_Count_Indels.pdf",
                    "multiqc/multiqc_plots/pdf/bcftools_stats_vqc_Count_SNP.pdf",
                    "multiqc/multiqc_plots/pdf/bcftools_stats_vqc_Count_Transitions.pdf",
                    "multiqc/multiqc_plots/pdf/bcftools_stats_vqc_Count_Transversions.pdf",
                    "multiqc/multiqc_plots/png",
                    "multiqc/multiqc_plots/png/bcftools-stats-subtypes-cnt.png",
                    "multiqc/multiqc_plots/png/bcftools-stats-subtypes-pct.png",
                    "multiqc/multiqc_plots/png/bcftools_stats_indel-lengths-cnt.png",
                    "multiqc/multiqc_plots/png/bcftools_stats_indel-lengths-log.png",
                    "multiqc/multiqc_plots/png/bcftools_stats_vqc_Count_Indels.png",
                    "multiqc/multiqc_plots/png/bcftools_stats_vqc_Count_SNP.png",
                    "multiqc/multiqc_plots/png/bcftools_stats_vqc_Count_Transitions.png",
                    "multiqc/multiqc_plots/png/bcftools_stats_vqc_Count_Transversions.png",
                    "multiqc/multiqc_plots/svg",
                    "multiqc/multiqc_plots/svg/bcftools-stats-subtypes-cnt.svg",
                    "multiqc/multiqc_plots/svg/bcftools-stats-subtypes-pct.svg",
                    "multiqc/multiqc_plots/svg/bcftools_stats_indel-lengths-cnt.svg",
                    "multiqc/multiqc_plots/svg/bcftools_stats_indel-lengths-log.svg",
                    "multiqc/multiqc_plots/svg/bcftools_stats_vqc_Count_Indels.svg",
                    "multiqc/multiqc_plots/svg/bcftools_stats_vqc_Count_SNP.svg",
                    "multiqc/multiqc_plots/svg/bcftools_stats_vqc_Count_Transitions.svg",
                    "multiqc/multiqc_plots/svg/bcftools_stats_vqc_Count_Transversions.svg",
                    "multiqc/multiqc_report.html",
                    "pipeline_info",
                    "pipeline_info/nf_core_phaseimpute_software_mqc_versions.yml"
                ],
                "stable path": [
                    "all_samples.batch0.id.txt:md5,19595d0c2ee3d3d4e0db213e4469dac6",
                    "all_samples.batch0.idonly.txt:md5,b16baeecc412602ee233e14bcbe592b7",
                    "all_samples.batch0.noid.txt:md5,2b87699e9ed5101bc2addb7596cf16c7",
                    "NA12878.glimpse2.bcftools_stats.txt:md5,4551f4274b0c2e04d6c8f41454dc9b88",
                    "NA19401.glimpse2.bcftools_stats.txt:md5,cca5d4895da3203386fa9ee061044d12",
                    "NA20359.glimpse2.bcftools_stats.txt:md5,fa7efcf9b006db08bd66e61f54d04f4a",
                    "bcftools-stats-subtypes.txt:md5,9c74a2688bd333bd9c9919476514258e",
                    "bcftools_stats_indel-lengths.txt:md5,c6e6807cefcb18f541f0f6e1c803324a",
                    "bcftools_stats_vqc_Count_Indels.txt:md5,201aeaab7e476ca176793007dfcb9985",
                    "bcftools_stats_vqc_Count_SNP.txt:md5,8f445c0315899ebfc9dbfa13b4269693",
                    "bcftools_stats_vqc_Count_Transitions.txt:md5,43c2c4305e4244ed0d37bef2b64938d9",
                    "bcftools_stats_vqc_Count_Transversions.txt:md5,ef7a61191ad2176631e63fc5ac3a9b74",
                    "multiqc_bcftools_stats.txt:md5,97cf6e8503e68980e44b8db0b94fddb8",
                    "multiqc_citations.txt:md5,5cbab4ecbe14049d965fd97bd61d252b",
                    "multiqc_general_stats.txt:md5,0d145e8148487878ea5f870211ba841f"
                ],
                "BAM files": [
                    
                ],
                "VCF files": [
                    [
                        "all_samples.batch0.glimpse2.vcf.gz",
                        "2efdb0ead7f85f77c3939b3f5906e1f8"
                    ],
                    [
                        "NA12878.glimpse2.vcf.gz",
                        "2f71e170af4f8e37cd7265709b84427"
                    ],
                    [
                        "NA19401.glimpse2.vcf.gz",
                        "a6cbf6e3d9895aefeb6cb4d0f067eda9"
                    ],
                    [
                        "NA20359.glimpse2.vcf.gz",
                        "65ad782ead9d57c82d50bc79225f87d1"
                    ]
                ],
                "CSV files": [
                    {
                        "fileName": "impute.csv",
                        "rows": [
                            "sample,tools,file,index",
                            "NA12878,glimpse2,NA12878.glimpse2.vcf.gz,NA12878.glimpse2.vcf.gz.tbi",
                            "NA19401,glimpse2,NA19401.glimpse2.vcf.gz,NA19401.glimpse2.vcf.gz.tbi",
                            "NA20359,glimpse2,NA20359.glimpse2.vcf.gz,NA20359.glimpse2.vcf.gz.tbi"
                        ]
                    }
                ]
            },
            {
                "all_samples.batch0.glimpse2": {
                    "summary": "VcfFile [chromosomes=[chr21, chr22], sampleCount=3, variantCount=1739, phased=true]",
                    "samples": [
                        "NA12878",
                        "NA19401",
                        "NA20359"
                    ]
                }
            }
        ],
        "timestamp": "2026-03-03T11:46:30.0322496",
        "meta": {
            "nf-test": "0.9.4",
            "nextflow": "25.10.4"
        }
    }
}