{
    "Should run without failures": {
        "content": [
            {
                "0": [
                    [
                        {
                            "id": "chr21"
                        },
                        "chr21.vcf.gz:md5,c657d32f8b9ac60eb0f2a356fd14a271"
                    ],
                    [
                        {
                            "id": "chr22"
                        },
                        "chr22.vcf.gz:md5,df689c605e8ee1adfce32ad176067a8d"
                    ]
                ],
                "ch_concat_vcf": [
                    [
                        {
                            "id": "chr21"
                        },
                        "chr21.vcf.gz:md5,c657d32f8b9ac60eb0f2a356fd14a271"
                    ],
                    [
                        {
                            "id": "chr22"
                        },
                        "chr22.vcf.gz:md5,df689c605e8ee1adfce32ad176067a8d"
                    ]
                ]
            }
        ],
        "meta": {
            "nf-test": "0.8.4",
            "nextflow": "23.10.1"
        },
        "timestamp": "2024-04-11T16:37:31.573470439"
    }
}